{"@timestamp":"2026-04-13T15:28:29.660+08:00","caller":"stat/usage.go:82","content":"CPU: 41m, MEMORY: Alloc=1.7Mi, TotalAlloc=4.4Mi, Sys=17.8Mi, NumGC=2","level":"stat"}
{"@timestamp":"2026-04-13T15:28:29.741+08:00","caller":"cache/cachestat.go:71","content":"dbcache(sqlc) - qpm: 2, hit_ratio: 100.0%, hit: 2, miss: 0, db_fails: 0","level":"stat"}
{"@timestamp":"2026-04-13T15:28:29.789+08:00","caller":"load/sheddingstat.go:61","content":"(api) shedding_stat [1m], cpu: 41, total: 1, pass: 1, drop: 0","level":"stat"}
{"@timestamp":"2026-04-13T15:28:36.078+08:00","caller":"stat/metrics.go:210","content":"(user-api) - qps: 0.0/s, drops: 0, avg time: 61.0ms, med: 61.9ms, 90th: 61.9ms, 99th: 61.9ms, 99.9th: 61.9ms","level":"stat"}
{"@timestamp":"2026-04-13T15:29:29.738+08:00","caller":"stat/usage.go:82","content":"CPU: 47m, MEMORY: Alloc=2.4Mi, TotalAlloc=7.1Mi, Sys=17.9Mi, NumGC=3","level":"stat"}
{"@timestamp":"2026-04-13T15:29:29.868+08:00","caller":"load/sheddingstat.go:61","content":"(api) shedding_stat [1m], cpu: 47, total: 0, pass: 0, drop: 0","level":"stat"}
{"@timestamp":"2026-04-13T15:29:36.156+08:00","caller":"stat/metrics.go:210","content":"(user-api) - qps: 0.0/s, drops: 0, avg time: 0.0ms, med: 0.0ms, 90th: 0.0ms, 99th: 0.0ms, 99.9th: 0.0ms","level":"stat"}
{"@timestamp":"2026-04-13T15:30:29.801+08:00","caller":"stat/usage.go:82","content":"CPU: 47m, MEMORY: Alloc=1.5Mi, TotalAlloc=10.0Mi, Sys=17.9Mi, NumGC=5","level":"stat"}
{"@timestamp":"2026-04-13T15:30:29.880+08:00","caller":"cache/cachestat.go:71","content":"dbcache(sqlc) - qpm: 2, hit_ratio: 100.0%, hit: 2, miss: 0, db_fails: 0","level":"stat"}
{"@timestamp":"2026-04-13T15:30:29.929+08:00","caller":"load/sheddingstat.go:61","content":"(api) shedding_stat [1m], cpu: 47, total: 1, pass: 1, drop: 0","level":"stat"}
{"@timestamp":"2026-04-13T15:30:36.218+08:00","caller":"stat/metrics.go:210","content":"(user-api) - qps: 0.0/s, drops: 0, avg time: 78.0ms, med: 78.3ms, 90th: 78.3ms, 99th: 78.3ms, 99.9th: 78.3ms","level":"stat"}
{"@timestamp":"2026-04-13T15:31:29.892+08:00","caller":"stat/usage.go:82","content":"CPU: 45m, MEMORY: Alloc=2.1Mi, TotalAlloc=12.5Mi, Sys=17.9Mi, NumGC=6","level":"stat"}
{"@timestamp":"2026-04-13T15:31:30.022+08:00","caller":"load/sheddingstat.go:61","content":"(api) shedding_stat [1m], cpu: 45, total: 0, pass: 0, drop: 0","level":"stat"}
{"@timestamp":"2026-04-13T15:31:36.310+08:00","caller":"stat/metrics.go:210","content":"(user-api) - qps: 0.0/s, drops: 0, avg time: 0.0ms, med: 0.0ms, 90th: 0.0ms, 99th: 0.0ms, 99.9th: 0.0ms","level":"stat"}
{"@timestamp":"2026-04-13T15:32:29.984+08:00","caller":"stat/usage.go:82","content":"CPU: 30m, MEMORY: Alloc=2.9Mi, TotalAlloc=15.3Mi, Sys=18.1Mi, NumGC=7","level":"stat"}
{"@timestamp":"2026-04-13T15:32:30.113+08:00","caller":"load/sheddingstat.go:61","content":"(api) shedding_stat [1m], cpu: 30, total: 0, pass: 0, drop: 0","level":"stat"}
{"@timestamp":"2026-04-13T15:32:36.402+08:00","caller":"stat/metrics.go:210","content":"(user-api) - qps: 0.0/s, drops: 0, avg time: 0.0ms, med: 0.0ms, 90th: 0.0ms, 99th: 0.0ms, 99.9th: 0.0ms","level":"stat"}
{"@timestamp":"2026-04-13T15:33:30.002+08:00","caller":"stat/usage.go:82","content":"CPU: 21m, MEMORY: Alloc=1.4Mi, TotalAlloc=18.1Mi, Sys=18.1Mi, NumGC=9","level":"stat"}
{"@timestamp":"2026-04-13T15:33:30.133+08:00","caller":"load/sheddingstat.go:61","content":"(api) shedding_stat [1m], cpu: 21, total: 0, pass: 0, drop: 0","level":"stat"}
{"@timestamp":"2026-04-13T15:33:36.422+08:00","caller":"stat/metrics.go:210","content":"(user-api) - qps: 0.0/s, drops: 0, avg time: 0.0ms, med: 0.0ms, 90th: 0.0ms, 99th: 0.0ms, 99.9th: 0.0ms","level":"stat"}
{"@timestamp":"2026-04-13T15:34:30.102+08:00","caller":"stat/usage.go:82","content":"CPU: 25m, MEMORY: Alloc=1.8Mi, TotalAlloc=20.7Mi, Sys=18.1Mi, NumGC=10","level":"stat"}
{"@timestamp":"2026-04-13T15:34:30.233+08:00","caller":"load/sheddingstat.go:61","content":"(api) shedding_stat [1m], cpu: 25, total: 0, pass: 0, drop: 0","level":"stat"}
{"@timestamp":"2026-04-13T15:34:36.521+08:00","caller":"stat/metrics.go:210","content":"(user-api) - qps: 0.0/s, drops: 0, avg time: 0.0ms, med: 0.0ms, 90th: 0.0ms, 99th: 0.0ms, 99.9th: 0.0ms","level":"stat"}
{"@timestamp":"2026-04-13T15:35:30.178+08:00","caller":"stat/usage.go:82","content":"CPU: 29m, MEMORY: Alloc=2.3Mi, TotalAlloc=23.4Mi, Sys=18.1Mi, NumGC=11","level":"stat"}
{"@timestamp":"2026-04-13T15:35:30.308+08:00","caller":"load/sheddingstat.go:61","content":"(api) shedding_stat [1m], cpu: 29, total: 0, pass: 0, drop: 0","level":"stat"}
{"@timestamp":"2026-04-13T15:35:36.597+08:00","caller":"stat/metrics.go:210","content":"(user-api) - qps: 0.0/s, drops: 0, avg time: 0.0ms, med: 0.0ms, 90th: 0.0ms, 99th: 0.0ms, 99.9th: 0.0ms","level":"stat"}
{"@timestamp":"2026-04-13T15:36:19.070+08:00","caller":"stat/metrics.go:210","content":"(user-api) - qps: 0.0/s, drops: 0, avg time: 0.0ms, med: 0.0ms, 90th: 0.0ms, 99th: 0.0ms, 99.9th: 0.0ms","level":"stat"}
{"@timestamp":"2026-04-13T19:30:50.472+08:00","caller":"stat/usage.go:82","content":"CPU: 46m, MEMORY: Alloc=2.3Mi, TotalAlloc=3.7Mi, Sys=17.3Mi, NumGC=1","level":"stat"}
{"@timestamp":"2026-04-13T19:30:50.478+08:00","caller":"load/sheddingstat.go:61","content":"(api) shedding_stat [1m], cpu: 46, total: 0, pass: 0, drop: 0","level":"stat"}
{"@timestamp":"2026-04-13T19:31:50.550+08:00","caller":"stat/usage.go:82","content":"CPU: 45m, MEMORY: Alloc=1.9Mi, TotalAlloc=7.2Mi, Sys=17.8Mi, NumGC=3","level":"stat"}
{"@timestamp":"2026-04-13T19:31:50.553+08:00","caller":"cache/cachestat.go:71","content":"dbcache(sqlc) - qpm: 4, hit_ratio: 100.0%, hit: 4, miss: 0, db_fails: 0","level":"stat"}
{"@timestamp":"2026-04-13T19:31:50.554+08:00","caller":"load/sheddingstat.go:61","content":"(api) shedding_stat [1m], cpu: 45, total: 2, pass: 2, drop: 0","level":"stat"}
{"@timestamp":"2026-04-13T19:31:59.213+08:00","caller":"stat/metrics.go:210","content":"(user-api) - qps: 0.0/s, drops: 0, avg time: 174.0ms, med: 262.7ms, 90th: 262.7ms, 99th: 262.7ms, 99.9th: 262.7ms","level":"stat"}
{"@timestamp":"2026-04-13T19:32:50.655+08:00","caller":"stat/usage.go:82","content":"CPU: 40m, MEMORY: Alloc=2.5Mi, TotalAlloc=9.9Mi, Sys=17.9Mi, NumGC=4","level":"stat"}
{"@timestamp":"2026-04-13T19:32:50.661+08:00","caller":"load/sheddingstat.go:61","content":"(api) shedding_stat [1m], cpu: 40, total: 0, pass: 0, drop: 0","level":"stat"}
{"@timestamp":"2026-04-13T19:32:59.323+08:00","caller":"stat/metrics.go:210","content":"(user-api) - qps: 0.0/s, drops: 0, avg time: 0.0ms, med: 0.0ms, 90th: 0.0ms, 99th: 0.0ms, 99.9th: 0.0ms","level":"stat"}
{"@timestamp":"2026-04-13T19:33:50.765+08:00","caller":"stat/usage.go:82","content":"CPU: 33m, MEMORY: Alloc=3.0Mi, TotalAlloc=12.6Mi, Sys=17.9Mi, NumGC=5","level":"stat"}
{"@timestamp":"2026-04-13T19:33:50.770+08:00","caller":"load/sheddingstat.go:61","content":"(api) shedding_stat [1m], cpu: 33, total: 0, pass: 0, drop: 0","level":"stat"}
{"@timestamp":"2026-04-13T19:33:59.437+08:00","caller":"stat/metrics.go:210","content":"(user-api) - qps: 0.0/s, drops: 0, avg time: 0.0ms, med: 0.0ms, 90th: 0.0ms, 99th: 0.0ms, 99.9th: 0.0ms","level":"stat"}
{"@timestamp":"2026-04-13T19:34:50.890+08:00","caller":"stat/usage.go:82","content":"CPU: 28m, MEMORY: Alloc=1.4Mi, TotalAlloc=15.5Mi, Sys=17.9Mi, NumGC=7","level":"stat"}
{"@timestamp":"2026-04-13T19:34:50.895+08:00","caller":"load/sheddingstat.go:61","content":"(api) shedding_stat [1m], cpu: 28, total: 0, pass: 0, drop: 0","level":"stat"}
{"@timestamp":"2026-04-13T19:34:59.548+08:00","caller":"stat/metrics.go:210","content":"(user-api) - qps: 0.0/s, drops: 0, avg time: 0.0ms, med: 0.0ms, 90th: 0.0ms, 99th: 0.0ms, 99.9th: 0.0ms","level":"stat"}
{"@timestamp":"2026-04-13T19:35:50.993+08:00","caller":"stat/usage.go:82","content":"CPU: 52m, MEMORY: Alloc=1.9Mi, TotalAlloc=18.1Mi, Sys=17.9Mi, NumGC=8","level":"stat"}
{"@timestamp":"2026-04-13T19:35:50.996+08:00","caller":"load/sheddingstat.go:61","content":"(api) shedding_stat [1m], cpu: 52, total: 0, pass: 0, drop: 0","level":"stat"}
{"@timestamp":"2026-04-13T19:35:59.663+08:00","caller":"stat/metrics.go:210","content":"(user-api) - qps: 0.0/s, drops: 0, avg time: 0.0ms, med: 0.0ms, 90th: 0.0ms, 99th: 0.0ms, 99.9th: 0.0ms","level":"stat"}
{"@timestamp":"2026-04-13T19:36:51.115+08:00","caller":"stat/usage.go:82","content":"CPU: 63m, MEMORY: Alloc=2.4Mi, TotalAlloc=20.8Mi, Sys=17.9Mi, NumGC=9","level":"stat"}
{"@timestamp":"2026-04-13T19:36:51.120+08:00","caller":"load/sheddingstat.go:61","content":"(api) shedding_stat [1m], cpu: 63, total: 0, pass: 0, drop: 0","level":"stat"}
{"@timestamp":"2026-04-13T19:36:59.763+08:00","caller":"stat/metrics.go:210","content":"(user-api) - qps: 0.0/s, drops: 0, avg time: 0.0ms, med: 0.0ms, 90th: 0.0ms, 99th: 0.0ms, 99.9th: 0.0ms","level":"stat"}
{"@timestamp":"2026-04-13T19:37:51.219+08:00","caller":"stat/usage.go:82","content":"CPU: 55m, MEMORY: Alloc=3.0Mi, TotalAlloc=23.6Mi, Sys=17.9Mi, NumGC=10","level":"stat"}
{"@timestamp":"2026-04-13T19:37:51.222+08:00","caller":"load/sheddingstat.go:61","content":"(api) shedding_stat [1m], cpu: 55, total: 0, pass: 0, drop: 0","level":"stat"}
{"@timestamp":"2026-04-13T19:37:59.891+08:00","caller":"stat/metrics.go:210","content":"(user-api) - qps: 0.0/s, drops: 0, avg time: 0.0ms, med: 0.0ms, 90th: 0.0ms, 99th: 0.0ms, 99.9th: 0.0ms","level":"stat"}
{"@timestamp":"2026-04-13T19:38:18.803+08:00","caller":"stat/metrics.go:210","content":"(user-api) - qps: 0.0/s, drops: 0, avg time: 0.0ms, med: 0.0ms, 90th: 0.0ms, 99th: 0.0ms, 99.9th: 0.0ms","level":"stat"}
{"@timestamp":"2026-04-13T19:54:23.573+08:00","caller":"stat/usage.go:82","content":"CPU: 62m, MEMORY: Alloc=1.6Mi, TotalAlloc=3.7Mi, Sys=13.0Mi, NumGC=1","level":"stat"}
{"@timestamp":"2026-04-13T19:54:23.578+08:00","caller":"load/sheddingstat.go:61","content":"(api) shedding_stat [1m], cpu: 62, total: 0, pass: 0, drop: 0","level":"stat"}
{"@timestamp":"2026-04-13T19:55:23.695+08:00","caller":"stat/usage.go:82","content":"CPU: 74m, MEMORY: Alloc=2.2Mi, TotalAlloc=7.0Mi, Sys=14.1Mi, NumGC=2","level":"stat"}
{"@timestamp":"2026-04-13T19:55:23.700+08:00","caller":"cache/cachestat.go:71","content":"dbcache(sqlc) - qpm: 1, hit_ratio: 0.0%, hit: 0, miss: 1, db_fails: 0","level":"stat"}
{"@timestamp":"2026-04-13T19:55:23.700+08:00","caller":"load/sheddingstat.go:61","content":"(api) shedding_stat [1m], cpu: 74, total: 1, pass: 1, drop: 0","level":"stat"}
{"@timestamp":"2026-04-13T19:56:01.947+08:00","caller":"stat/metrics.go:210","content":"(user-api) - qps: 0.0/s, drops: 0, avg time: 325.0ms, med: 325.9ms, 90th: 325.9ms, 99th: 325.9ms, 99.9th: 325.9ms","level":"stat"}
{"@timestamp":"2026-04-13T19:56:23.708+08:00","caller":"stat/usage.go:82","content":"CPU: 50m, MEMORY: Alloc=1.5Mi, TotalAlloc=9.9Mi, Sys=18.4Mi, NumGC=4","level":"stat"}
{"@timestamp":"2026-04-13T19:56:23.713+08:00","caller":"load/sheddingstat.go:61","content":"(api) shedding_stat [1m], cpu: 50, total: 0, pass: 0, drop: 0","level":"stat"}
{"@timestamp":"2026-04-13T19:57:02.063+08:00","caller":"stat/metrics.go:210","content":"(user-api) - qps: 0.0/s, drops: 0, avg time: 0.0ms, med: 0.0ms, 90th: 0.0ms, 99th: 0.0ms, 99.9th: 0.0ms","level":"stat"}
{"@timestamp":"2026-04-13T19:57:23.814+08:00","caller":"stat/usage.go:82","content":"CPU: 42m, MEMORY: Alloc=2.1Mi, TotalAlloc=12.6Mi, Sys=18.4Mi, NumGC=5","level":"stat"}
{"@timestamp":"2026-04-13T19:57:23.818+08:00","caller":"load/sheddingstat.go:61","content":"(api) shedding_stat [1m], cpu: 42, total: 0, pass: 0, drop: 0","level":"stat"}
{"@timestamp":"2026-04-13T19:58:02.138+08:00","caller":"stat/metrics.go:210","content":"(user-api) - qps: 0.0/s, drops: 0, avg time: 0.0ms, med: 0.0ms, 90th: 0.0ms, 99th: 0.0ms, 99.9th: 0.0ms","level":"stat"}
{"@timestamp":"2026-04-13T19:58:23.902+08:00","caller":"stat/usage.go:82","content":"CPU: 36m, MEMORY: Alloc=2.7Mi, TotalAlloc=15.3Mi, Sys=18.4Mi, NumGC=6","level":"stat"}
{"@timestamp":"2026-04-13T19:58:23.907+08:00","caller":"load/sheddingstat.go:61","content":"(api) shedding_stat [1m], cpu: 36, total: 0, pass: 0, drop: 0","level":"stat"}
{"@timestamp":"2026-04-13T19:59:02.256+08:00","caller":"stat/metrics.go:210","content":"(user-api) - qps: 0.0/s, drops: 0, avg time: 0.0ms, med: 0.0ms, 90th: 0.0ms, 99th: 0.0ms, 99.9th: 0.0ms","level":"stat"}
{"@timestamp":"2026-04-13T19:59:24.021+08:00","caller":"stat/usage.go:82","content":"CPU: 32m, MEMORY: Alloc=3.2Mi, TotalAlloc=18.0Mi, Sys=18.4Mi, NumGC=7","level":"stat"}
{"@timestamp":"2026-04-13T19:59:24.026+08:00","caller":"load/sheddingstat.go:61","content":"(api) shedding_stat [1m], cpu: 32, total: 0, pass: 0, drop: 0","level":"stat"}
{"@timestamp":"2026-04-13T20:00:02.354+08:00","caller":"stat/metrics.go:210","content":"(user-api) - qps: 0.0/s, drops: 0, avg time: 0.0ms, med: 0.0ms, 90th: 0.0ms, 99th: 0.0ms, 99.9th: 0.0ms","level":"stat"}
{"@timestamp":"2026-04-13T20:00:24.119+08:00","caller":"stat/usage.go:82","content":"CPU: 36m, MEMORY: Alloc=1.6Mi, TotalAlloc=20.8Mi, Sys=18.4Mi, NumGC=9","level":"stat"}
{"@timestamp":"2026-04-13T20:00:24.123+08:00","caller":"load/sheddingstat.go:61","content":"(api) shedding_stat [1m], cpu: 36, total: 0, pass: 0, drop: 0","level":"stat"}
{"@timestamp":"2026-04-13T20:01:02.480+08:00","caller":"stat/metrics.go:210","content":"(user-api) - qps: 0.0/s, drops: 0, avg time: 0.0ms, med: 0.0ms, 90th: 0.0ms, 99th: 0.0ms, 99.9th: 0.0ms","level":"stat"}
{"@timestamp":"2026-04-13T20:01:24.245+08:00","caller":"stat/usage.go:82","content":"CPU: 57m, MEMORY: Alloc=2.1Mi, TotalAlloc=23.5Mi, Sys=18.4Mi, NumGC=10","level":"stat"}
{"@timestamp":"2026-04-13T20:01:24.249+08:00","caller":"load/sheddingstat.go:61","content":"(api) shedding_stat [1m], cpu: 57, total: 0, pass: 0, drop: 0","level":"stat"}
{"@timestamp":"2026-04-13T20:02:02.619+08:00","caller":"stat/metrics.go:210","content":"(user-api) - qps: 0.0/s, drops: 0, avg time: 0.0ms, med: 0.0ms, 90th: 0.0ms, 99th: 0.0ms, 99.9th: 0.0ms","level":"stat"}
{"@timestamp":"2026-04-13T20:02:24.383+08:00","caller":"stat/usage.go:82","content":"CPU: 31m, MEMORY: Alloc=2.5Mi, TotalAlloc=26.2Mi, Sys=18.4Mi, NumGC=11","level":"stat"}
{"@timestamp":"2026-04-13T20:02:24.389+08:00","caller":"load/sheddingstat.go:61","content":"(api) shedding_stat [1m], cpu: 31, total: 0, pass: 0, drop: 0","level":"stat"}
{"@timestamp":"2026-04-13T20:03:02.738+08:00","caller":"stat/metrics.go:210","content":"(user-api) - qps: 0.0/s, drops: 0, avg time: 0.0ms, med: 0.0ms, 90th: 0.0ms, 99th: 0.0ms, 99.9th: 0.0ms","level":"stat"}
{"@timestamp":"2026-04-13T20:03:24.502+08:00","caller":"stat/usage.go:82","content":"CPU: 31m, MEMORY: Alloc=3.0Mi, TotalAlloc=28.9Mi, Sys=18.4Mi, NumGC=12","level":"stat"}
{"@timestamp":"2026-04-13T20:03:24.507+08:00","caller":"load/sheddingstat.go:61","content":"(api) shedding_stat [1m], cpu: 31, total: 0, pass: 0, drop: 0","level":"stat"}
{"@timestamp":"2026-04-13T20:04:02.864+08:00","caller":"stat/metrics.go:210","content":"(user-api) - qps: 0.0/s, drops: 0, avg time: 0.0ms, med: 0.0ms, 90th: 0.0ms, 99th: 0.0ms, 99.9th: 0.0ms","level":"stat"}
{"@timestamp":"2026-04-13T20:04:24.628+08:00","caller":"stat/usage.go:82","content":"CPU: 29m, MEMORY: Alloc=1.6Mi, TotalAlloc=31.8Mi, Sys=18.4Mi, NumGC=14","level":"stat"}
{"@timestamp":"2026-04-13T20:04:24.633+08:00","caller":"load/sheddingstat.go:61","content":"(api) shedding_stat [1m], cpu: 29, total: 0, pass: 0, drop: 0","level":"stat"}
{"@timestamp":"2026-04-13T20:05:02.987+08:00","caller":"stat/metrics.go:210","content":"(user-api) - qps: 0.0/s, drops: 0, avg time: 0.0ms, med: 0.0ms, 90th: 0.0ms, 99th: 0.0ms, 99.9th: 0.0ms","level":"stat"}
{"@timestamp":"2026-04-13T20:05:24.752+08:00","caller":"stat/usage.go:82","content":"CPU: 36m, MEMORY: Alloc=2.1Mi, TotalAlloc=34.4Mi, Sys=18.4Mi, NumGC=15","level":"stat"}
{"@timestamp":"2026-04-13T20:05:24.756+08:00","caller":"load/sheddingstat.go:61","content":"(api) shedding_stat [1m], cpu: 36, total: 0, pass: 0, drop: 0","level":"stat"}
{"@timestamp":"2026-04-13T20:06:03.094+08:00","caller":"stat/metrics.go:210","content":"(user-api) - qps: 0.0/s, drops: 0, avg time: 0.0ms, med: 0.0ms, 90th: 0.0ms, 99th: 0.0ms, 99.9th: 0.0ms","level":"stat"}
{"@timestamp":"2026-04-13T20:06:24.859+08:00","caller":"stat/usage.go:82","content":"CPU: 43m, MEMORY: Alloc=2.6Mi, TotalAlloc=37.1Mi, Sys=18.4Mi, NumGC=16","level":"stat"}
{"@timestamp":"2026-04-13T20:06:24.863+08:00","caller":"load/sheddingstat.go:61","content":"(api) shedding_stat [1m], cpu: 43, total: 0, pass: 0, drop: 0","level":"stat"}
{"@timestamp":"2026-04-13T20:07:03.207+08:00","caller":"stat/metrics.go:210","content":"(user-api) - qps: 0.0/s, drops: 0, avg time: 0.0ms, med: 0.0ms, 90th: 0.0ms, 99th: 0.0ms, 99.9th: 0.0ms","level":"stat"}
{"@timestamp":"2026-04-13T20:07:24.971+08:00","caller":"stat/usage.go:82","content":"CPU: 42m, MEMORY: Alloc=3.1Mi, TotalAlloc=39.9Mi, Sys=18.4Mi, NumGC=17","level":"stat"}
{"@timestamp":"2026-04-13T20:07:24.976+08:00","caller":"load/sheddingstat.go:61","content":"(api) shedding_stat [1m], cpu: 42, total: 0, pass: 0, drop: 0","level":"stat"}
{"@timestamp":"2026-04-13T20:08:03.330+08:00","caller":"stat/metrics.go:210","content":"(user-api) - qps: 0.0/s, drops: 0, avg time: 0.0ms, med: 0.0ms, 90th: 0.0ms, 99th: 0.0ms, 99.9th: 0.0ms","level":"stat"}
{"@timestamp":"2026-04-13T20:08:25.093+08:00","caller":"stat/usage.go:82","content":"CPU: 42m, MEMORY: Alloc=1.5Mi, TotalAlloc=42.7Mi, Sys=18.4Mi, NumGC=19","level":"stat"}
{"@timestamp":"2026-04-13T20:08:25.098+08:00","caller":"load/sheddingstat.go:61","content":"(api) shedding_stat [1m], cpu: 42, total: 0, pass: 0, drop: 0","level":"stat"}
{"@timestamp":"2026-04-13T20:09:03.456+08:00","caller":"stat/metrics.go:210","content":"(user-api) - qps: 0.0/s, drops: 0, avg time: 0.0ms, med: 0.0ms, 90th: 0.0ms, 99th: 0.0ms, 99.9th: 0.0ms","level":"stat"}
{"@timestamp":"2026-04-13T20:09:25.220+08:00","caller":"stat/usage.go:82","content":"CPU: 39m, MEMORY: Alloc=2.0Mi, TotalAlloc=45.4Mi, Sys=18.4Mi, NumGC=20","level":"stat"}
{"@timestamp":"2026-04-13T20:09:25.225+08:00","caller":"load/sheddingstat.go:61","content":"(api) shedding_stat [1m], cpu: 39, total: 0, pass: 0, drop: 0","level":"stat"}
{"@timestamp":"2026-04-13T20:10:03.540+08:00","caller":"stat/metrics.go:210","content":"(user-api) - qps: 0.0/s, drops: 0, avg time: 0.0ms, med: 0.0ms, 90th: 0.0ms, 99th: 0.0ms, 99.9th: 0.0ms","level":"stat"}
{"@timestamp":"2026-04-13T20:10:25.304+08:00","caller":"stat/usage.go:82","content":"CPU: 44m, MEMORY: Alloc=2.4Mi, TotalAlloc=48.1Mi, Sys=18.4Mi, NumGC=21","level":"stat"}
{"@timestamp":"2026-04-13T20:10:25.309+08:00","caller":"load/sheddingstat.go:61","content":"(api) shedding_stat [1m], cpu: 44, total: 0, pass: 0, drop: 0","level":"stat"}
{"@timestamp":"2026-04-13T20:11:03.621+08:00","caller":"stat/metrics.go:210","content":"(user-api) - qps: 0.0/s, drops: 0, avg time: 0.0ms, med: 0.0ms, 90th: 0.0ms, 99th: 0.0ms, 99.9th: 0.0ms","level":"stat"}
{"@timestamp":"2026-04-13T20:11:25.385+08:00","caller":"stat/usage.go:82","content":"CPU: 43m, MEMORY: Alloc=3.0Mi, TotalAlloc=50.8Mi, Sys=18.4Mi, NumGC=22","level":"stat"}
{"@timestamp":"2026-04-13T20:11:25.390+08:00","caller":"load/sheddingstat.go:61","content":"(api) shedding_stat [1m], cpu: 43, total: 0, pass: 0, drop: 0","level":"stat"}
{"@timestamp":"2026-04-13T20:12:03.752+08:00","caller":"stat/metrics.go:210","content":"(user-api) - qps: 0.0/s, drops: 0, avg time: 0.0ms, med: 0.0ms, 90th: 0.0ms, 99th: 0.0ms, 99.9th: 0.0ms","level":"stat"}
{"@timestamp":"2026-04-13T20:12:25.516+08:00","caller":"stat/usage.go:82","content":"CPU: 35m, MEMORY: Alloc=1.4Mi, TotalAlloc=53.6Mi, Sys=18.4Mi, NumGC=24","level":"stat"}
{"@timestamp":"2026-04-13T20:12:25.521+08:00","caller":"load/sheddingstat.go:61","content":"(api) shedding_stat [1m], cpu: 35, total: 0, pass: 0, drop: 0","level":"stat"}
{"@timestamp":"2026-04-13T20:13:03.815+08:00","caller":"stat/metrics.go:210","content":"(user-api) - qps: 0.0/s, drops: 0, avg time: 0.0ms, med: 0.0ms, 90th: 0.0ms, 99th: 0.0ms, 99.9th: 0.0ms","level":"stat"}
{"@timestamp":"2026-04-13T20:13:25.579+08:00","caller":"stat/usage.go:82","content":"CPU: 40m, MEMORY: Alloc=1.8Mi, TotalAlloc=56.3Mi, Sys=18.4Mi, NumGC=25","level":"stat"}
{"@timestamp":"2026-04-13T20:13:25.583+08:00","caller":"load/sheddingstat.go:61","content":"(api) shedding_stat [1m], cpu: 40, total: 0, pass: 0, drop: 0","level":"stat"}
{"@timestamp":"2026-04-13T20:14:03.908+08:00","caller":"stat/metrics.go:210","content":"(user-api) - qps: 0.0/s, drops: 0, avg time: 0.0ms, med: 0.0ms, 90th: 0.0ms, 99th: 0.0ms, 99.9th: 0.0ms","level":"stat"}
{"@timestamp":"2026-04-13T20:14:25.674+08:00","caller":"stat/usage.go:82","content":"CPU: 36m, MEMORY: Alloc=2.4Mi, TotalAlloc=59.0Mi, Sys=18.4Mi, NumGC=26","level":"stat"}
{"@timestamp":"2026-04-13T20:14:25.678+08:00","caller":"load/sheddingstat.go:61","content":"(api) shedding_stat [1m], cpu: 36, total: 0, pass: 0, drop: 0","level":"stat"}
{"@timestamp":"2026-04-13T20:15:04.012+08:00","caller":"stat/metrics.go:210","content":"(user-api) - qps: 0.0/s, drops: 0, avg time: 0.0ms, med: 0.0ms, 90th: 0.0ms, 99th: 0.0ms, 99.9th: 0.0ms","level":"stat"}
{"@timestamp":"2026-04-13T20:15:25.776+08:00","caller":"stat/usage.go:82","content":"CPU: 28m, MEMORY: Alloc=3.0Mi, TotalAlloc=61.7Mi, Sys=18.4Mi, NumGC=27","level":"stat"}
{"@timestamp":"2026-04-13T20:15:25.781+08:00","caller":"load/sheddingstat.go:61","content":"(api) shedding_stat [1m], cpu: 28, total: 0, pass: 0, drop: 0","level":"stat"}
{"@timestamp":"2026-04-13T20:16:04.122+08:00","caller":"stat/metrics.go:210","content":"(user-api) - qps: 0.0/s, drops: 0, avg time: 0.0ms, med: 0.0ms, 90th: 0.0ms, 99th: 0.0ms, 99.9th: 0.0ms","level":"stat"}
{"@timestamp":"2026-04-13T20:16:25.887+08:00","caller":"stat/usage.go:82","content":"CPU: 26m, MEMORY: Alloc=1.5Mi, TotalAlloc=64.5Mi, Sys=18.4Mi, NumGC=29","level":"stat"}
{"@timestamp":"2026-04-13T20:16:25.891+08:00","caller":"load/sheddingstat.go:61","content":"(api) shedding_stat [1m], cpu: 26, total: 0, pass: 0, drop: 0","level":"stat"}
{"@timestamp":"2026-04-13T20:17:04.205+08:00","caller":"stat/metrics.go:210","content":"(user-api) - qps: 0.0/s, drops: 0, avg time: 0.0ms, med: 0.0ms, 90th: 0.0ms, 99th: 0.0ms, 99.9th: 0.0ms","level":"stat"}
{"@timestamp":"2026-04-13T20:17:25.970+08:00","caller":"stat/usage.go:82","content":"CPU: 23m, MEMORY: Alloc=2.0Mi, TotalAlloc=67.2Mi, Sys=18.4Mi, NumGC=30","level":"stat"}
{"@timestamp":"2026-04-13T20:17:25.975+08:00","caller":"load/sheddingstat.go:61","content":"(api) shedding_stat [1m], cpu: 23, total: 0, pass: 0, drop: 0","level":"stat"}
{"@timestamp":"2026-04-13T20:18:04.338+08:00","caller":"stat/metrics.go:210","content":"(user-api) - qps: 0.0/s, drops: 0, avg time: 0.0ms, med: 0.0ms, 90th: 0.0ms, 99th: 0.0ms, 99.9th: 0.0ms","level":"stat"}
{"@timestamp":"2026-04-13T20:18:26.103+08:00","caller":"stat/usage.go:82","content":"CPU: 37m, MEMORY: Alloc=2.4Mi, TotalAlloc=69.9Mi, Sys=18.4Mi, NumGC=31","level":"stat"}
{"@timestamp":"2026-04-13T20:18:26.108+08:00","caller":"load/sheddingstat.go:61","content":"(api) shedding_stat [1m], cpu: 37, total: 0, pass: 0, drop: 0","level":"stat"}
{"@timestamp":"2026-04-13T20:19:04.450+08:00","caller":"stat/metrics.go:210","content":"(user-api) - qps: 0.0/s, drops: 0, avg time: 0.0ms, med: 0.0ms, 90th: 0.0ms, 99th: 0.0ms, 99.9th: 0.0ms","level":"stat"}
{"@timestamp":"2026-04-13T20:19:26.215+08:00","caller":"stat/usage.go:82","content":"CPU: 55m, MEMORY: Alloc=3.0Mi, TotalAlloc=72.6Mi, Sys=18.4Mi, NumGC=32","level":"stat"}
{"@timestamp":"2026-04-13T20:19:26.219+08:00","caller":"load/sheddingstat.go:61","content":"(api) shedding_stat [1m], cpu: 55, total: 0, pass: 0, drop: 0","level":"stat"}
{"@timestamp":"2026-04-13T20:20:04.557+08:00","caller":"stat/metrics.go:210","content":"(user-api) - qps: 0.0/s, drops: 0, avg time: 0.0ms, med: 0.0ms, 90th: 0.0ms, 99th: 0.0ms, 99.9th: 0.0ms","level":"stat"}
{"@timestamp":"2026-04-13T20:20:26.322+08:00","caller":"stat/usage.go:82","content":"CPU: 68m, MEMORY: Alloc=1.5Mi, TotalAlloc=75.4Mi, Sys=18.4Mi, NumGC=34","level":"stat"}
{"@timestamp":"2026-04-13T20:20:26.327+08:00","caller":"load/sheddingstat.go:61","content":"(api) shedding_stat [1m], cpu: 68, total: 0, pass: 0, drop: 0","level":"stat"}
{"@timestamp":"2026-04-13T20:21:04.685+08:00","caller":"stat/metrics.go:210","content":"(user-api) - qps: 0.0/s, drops: 0, avg time: 0.0ms, med: 0.0ms, 90th: 0.0ms, 99th: 0.0ms, 99.9th: 0.0ms","level":"stat"}
{"@timestamp":"2026-04-13T20:21:26.450+08:00","caller":"stat/usage.go:82","content":"CPU: 37m, MEMORY: Alloc=2.0Mi, TotalAlloc=78.1Mi, Sys=18.4Mi, NumGC=35","level":"stat"}
{"@timestamp":"2026-04-13T20:21:26.454+08:00","caller":"load/sheddingstat.go:61","content":"(api) shedding_stat [1m], cpu: 37, total: 0, pass: 0, drop: 0","level":"stat"}
{"@timestamp":"2026-04-13T20:22:04.756+08:00","caller":"stat/metrics.go:210","content":"(user-api) - qps: 0.0/s, drops: 0, avg time: 0.0ms, med: 0.0ms, 90th: 0.0ms, 99th: 0.0ms, 99.9th: 0.0ms","level":"stat"}
{"@timestamp":"2026-04-13T20:22:26.520+08:00","caller":"stat/usage.go:82","content":"CPU: 42m, MEMORY: Alloc=2.6Mi, TotalAlloc=80.8Mi, Sys=18.4Mi, NumGC=36","level":"stat"}
{"@timestamp":"2026-04-13T20:22:26.525+08:00","caller":"load/sheddingstat.go:61","content":"(api) shedding_stat [1m], cpu: 42, total: 0, pass: 0, drop: 0","level":"stat"}
{"@timestamp":"2026-04-13T20:23:04.880+08:00","caller":"stat/metrics.go:210","content":"(user-api) - qps: 0.0/s, drops: 0, avg time: 0.0ms, med: 0.0ms, 90th: 0.0ms, 99th: 0.0ms, 99.9th: 0.0ms","level":"stat"}
{"@timestamp":"2026-04-13T20:23:26.644+08:00","caller":"stat/usage.go:82","content":"CPU: 34m, MEMORY: Alloc=3.1Mi, TotalAlloc=83.5Mi, Sys=18.4Mi, NumGC=37","level":"stat"}
{"@timestamp":"2026-04-13T20:23:26.649+08:00","caller":"load/sheddingstat.go:61","content":"(api) shedding_stat [1m], cpu: 34, total: 0, pass: 0, drop: 0","level":"stat"}
{"@timestamp":"2026-04-13T20:24:04.971+08:00","caller":"stat/metrics.go:210","content":"(user-api) - qps: 0.0/s, drops: 0, avg time: 0.0ms, med: 0.0ms, 90th: 0.0ms, 99th: 0.0ms, 99.9th: 0.0ms","level":"stat"}
{"@timestamp":"2026-04-13T20:24:26.736+08:00","caller":"stat/usage.go:82","content":"CPU: 44m, MEMORY: Alloc=1.5Mi, TotalAlloc=86.3Mi, Sys=18.4Mi, NumGC=39","level":"stat"}
{"@timestamp":"2026-04-13T20:24:26.740+08:00","caller":"load/sheddingstat.go:61","content":"(api) shedding_stat [1m], cpu: 44, total: 0, pass: 0, drop: 0","level":"stat"}
{"@timestamp":"2026-04-13T20:25:05.092+08:00","caller":"stat/metrics.go:210","content":"(user-api) - qps: 0.0/s, drops: 0, avg time: 0.0ms, med: 0.0ms, 90th: 0.0ms, 99th: 0.0ms, 99.9th: 0.0ms","level":"stat"}
{"@timestamp":"2026-04-13T20:25:26.855+08:00","caller":"stat/usage.go:82","content":"CPU: 43m, MEMORY: Alloc=2.0Mi, TotalAlloc=89.0Mi, Sys=18.4Mi, NumGC=40","level":"stat"}
{"@timestamp":"2026-04-13T20:25:26.860+08:00","caller":"load/sheddingstat.go:61","content":"(api) shedding_stat [1m], cpu: 43, total: 0, pass: 0, drop: 0","level":"stat"}
{"@timestamp":"2026-04-13T20:26:05.195+08:00","caller":"stat/metrics.go:210","content":"(user-api) - qps: 0.0/s, drops: 0, avg time: 0.0ms, med: 0.0ms, 90th: 0.0ms, 99th: 0.0ms, 99.9th: 0.0ms","level":"stat"}
{"@timestamp":"2026-04-13T20:26:26.960+08:00","caller":"stat/usage.go:82","content":"CPU: 36m, MEMORY: Alloc=2.5Mi, TotalAlloc=91.7Mi, Sys=18.4Mi, NumGC=41","level":"stat"}
{"@timestamp":"2026-04-13T20:26:26.965+08:00","caller":"load/sheddingstat.go:61","content":"(api) shedding_stat [1m], cpu: 36, total: 0, pass: 0, drop: 0","level":"stat"}
{"@timestamp":"2026-04-13T20:27:05.277+08:00","caller":"stat/metrics.go:210","content":"(user-api) - qps: 0.0/s, drops: 0, avg time: 0.0ms, med: 0.0ms, 90th: 0.0ms, 99th: 0.0ms, 99.9th: 0.0ms","level":"stat"}
{"@timestamp":"2026-04-13T20:27:27.042+08:00","caller":"stat/usage.go:82","content":"CPU: 29m, MEMORY: Alloc=3.0Mi, TotalAlloc=94.4Mi, Sys=18.4Mi, NumGC=42","level":"stat"}
{"@timestamp":"2026-04-13T20:27:27.047+08:00","caller":"load/sheddingstat.go:61","content":"(api) shedding_stat [1m], cpu: 29, total: 0, pass: 0, drop: 0","level":"stat"}
{"@timestamp":"2026-04-13T20:28:05.380+08:00","caller":"stat/metrics.go:210","content":"(user-api) - qps: 0.0/s, drops: 0, avg time: 0.0ms, med: 0.0ms, 90th: 0.0ms, 99th: 0.0ms, 99.9th: 0.0ms","level":"stat"}
{"@timestamp":"2026-04-13T20:28:27.144+08:00","caller":"stat/usage.go:82","content":"CPU: 27m, MEMORY: Alloc=1.4Mi, TotalAlloc=97.3Mi, Sys=18.4Mi, NumGC=44","level":"stat"}
{"@timestamp":"2026-04-13T20:28:27.149+08:00","caller":"load/sheddingstat.go:61","content":"(api) shedding_stat [1m], cpu: 27, total: 0, pass: 0, drop: 0","level":"stat"}
{"@timestamp":"2026-04-13T20:29:05.499+08:00","caller":"stat/metrics.go:210","content":"(user-api) - qps: 0.0/s, drops: 0, avg time: 0.0ms, med: 0.0ms, 90th: 0.0ms, 99th: 0.0ms, 99.9th: 0.0ms","level":"stat"}
{"@timestamp":"2026-04-13T20:29:27.263+08:00","caller":"stat/usage.go:82","content":"CPU: 38m, MEMORY: Alloc=1.9Mi, TotalAlloc=99.9Mi, Sys=18.4Mi, NumGC=45","level":"stat"}
{"@timestamp":"2026-04-13T20:29:27.268+08:00","caller":"load/sheddingstat.go:61","content":"(api) shedding_stat [1m], cpu: 38, total: 0, pass: 0, drop: 0","level":"stat"}
{"@timestamp":"2026-04-13T20:30:05.580+08:00","caller":"stat/metrics.go:210","content":"(user-api) - qps: 0.0/s, drops: 0, avg time: 0.0ms, med: 0.0ms, 90th: 0.0ms, 99th: 0.0ms, 99.9th: 0.0ms","level":"stat"}
{"@timestamp":"2026-04-13T20:30:27.345+08:00","caller":"stat/usage.go:82","content":"CPU: 30m, MEMORY: Alloc=2.4Mi, TotalAlloc=102.6Mi, Sys=18.4Mi, NumGC=46","level":"stat"}
{"@timestamp":"2026-04-13T20:30:27.350+08:00","caller":"load/sheddingstat.go:61","content":"(api) shedding_stat [1m], cpu: 30, total: 0, pass: 0, drop: 0","level":"stat"}
{"@timestamp":"2026-04-13T20:31:05.707+08:00","caller":"stat/metrics.go:210","content":"(user-api) - qps: 0.0/s, drops: 0, avg time: 0.0ms, med: 0.0ms, 90th: 0.0ms, 99th: 0.0ms, 99.9th: 0.0ms","level":"stat"}
{"@timestamp":"2026-04-13T20:31:27.472+08:00","caller":"stat/usage.go:82","content":"CPU: 30m, MEMORY: Alloc=3.0Mi, TotalAlloc=105.3Mi, Sys=18.4Mi, NumGC=47","level":"stat"}
{"@timestamp":"2026-04-13T20:31:27.477+08:00","caller":"load/sheddingstat.go:61","content":"(api) shedding_stat [1m], cpu: 30, total: 0, pass: 0, drop: 0","level":"stat"}
{"@timestamp":"2026-04-13T20:32:05.809+08:00","caller":"stat/metrics.go:210","content":"(user-api) - qps: 0.0/s, drops: 0, avg time: 0.0ms, med: 0.0ms, 90th: 0.0ms, 99th: 0.0ms, 99.9th: 0.0ms","level":"stat"}
{"@timestamp":"2026-04-13T20:32:27.573+08:00","caller":"stat/usage.go:82","content":"CPU: 34m, MEMORY: Alloc=1.4Mi, TotalAlloc=108.2Mi, Sys=18.4Mi, NumGC=49","level":"stat"}
{"@timestamp":"2026-04-13T20:32:27.577+08:00","caller":"load/sheddingstat.go:61","content":"(api) shedding_stat [1m], cpu: 34, total: 0, pass: 0, drop: 0","level":"stat"}
{"@timestamp":"2026-04-13T20:33:05.939+08:00","caller":"stat/metrics.go:210","content":"(user-api) - qps: 0.0/s, drops: 0, avg time: 0.0ms, med: 0.0ms, 90th: 0.0ms, 99th: 0.0ms, 99.9th: 0.0ms","level":"stat"}
{"@timestamp":"2026-04-13T20:33:27.703+08:00","caller":"stat/usage.go:82","content":"CPU: 35m, MEMORY: Alloc=1.9Mi, TotalAlloc=110.8Mi, Sys=18.4Mi, NumGC=50","level":"stat"}
{"@timestamp":"2026-04-13T20:33:27.708+08:00","caller":"load/sheddingstat.go:61","content":"(api) shedding_stat [1m], cpu: 35, total: 0, pass: 0, drop: 0","level":"stat"}
{"@timestamp":"2026-04-13T20:34:06.039+08:00","caller":"stat/metrics.go:210","content":"(user-api) - qps: 0.0/s, drops: 0, avg time: 0.0ms, med: 0.0ms, 90th: 0.0ms, 99th: 0.0ms, 99.9th: 0.0ms","level":"stat"}
{"@timestamp":"2026-04-13T20:34:27.804+08:00","caller":"stat/usage.go:82","content":"CPU: 34m, MEMORY: Alloc=2.3Mi, TotalAlloc=113.5Mi, Sys=18.4Mi, NumGC=51","level":"stat"}
{"@timestamp":"2026-04-13T20:34:27.808+08:00","caller":"load/sheddingstat.go:61","content":"(api) shedding_stat [1m], cpu: 34, total: 0, pass: 0, drop: 0","level":"stat"}
{"@timestamp":"2026-04-13T20:35:06.167+08:00","caller":"stat/metrics.go:210","content":"(user-api) - qps: 0.0/s, drops: 0, avg time: 0.0ms, med: 0.0ms, 90th: 0.0ms, 99th: 0.0ms, 99.9th: 0.0ms","level":"stat"}
{"@timestamp":"2026-04-13T20:35:27.931+08:00","caller":"stat/usage.go:82","content":"CPU: 29m, MEMORY: Alloc=2.8Mi, TotalAlloc=116.2Mi, Sys=18.4Mi, NumGC=52","level":"stat"}
{"@timestamp":"2026-04-13T20:35:27.936+08:00","caller":"load/sheddingstat.go:61","content":"(api) shedding_stat [1m], cpu: 29, total: 0, pass: 0, drop: 0","level":"stat"}
{"@timestamp":"2026-04-13T20:36:06.273+08:00","caller":"stat/metrics.go:210","content":"(user-api) - qps: 0.0/s, drops: 0, avg time: 0.0ms, med: 0.0ms, 90th: 0.0ms, 99th: 0.0ms, 99.9th: 0.0ms","level":"stat"}
{"@timestamp":"2026-04-13T20:36:28.038+08:00","caller":"stat/usage.go:82","content":"CPU: 26m, MEMORY: Alloc=3.4Mi, TotalAlloc=119.0Mi, Sys=18.4Mi, NumGC=53","level":"stat"}
{"@timestamp":"2026-04-13T20:36:28.042+08:00","caller":"load/sheddingstat.go:61","content":"(api) shedding_stat [1m], cpu: 26, total: 0, pass: 0, drop: 0","level":"stat"}
{"@timestamp":"2026-04-13T20:37:06.357+08:00","caller":"stat/metrics.go:210","content":"(user-api) - qps: 0.0/s, drops: 0, avg time: 0.0ms, med: 0.0ms, 90th: 0.0ms, 99th: 0.0ms, 99.9th: 0.0ms","level":"stat"}
{"@timestamp":"2026-04-13T20:37:28.122+08:00","caller":"stat/usage.go:82","content":"CPU: 40m, MEMORY: Alloc=1.7Mi, TotalAlloc=121.8Mi, Sys=18.4Mi, NumGC=55","level":"stat"}
{"@timestamp":"2026-04-13T20:37:28.127+08:00","caller":"load/sheddingstat.go:61","content":"(api) shedding_stat [1m], cpu: 40, total: 0, pass: 0, drop: 0","level":"stat"}
{"@timestamp":"2026-04-13T20:38:06.456+08:00","caller":"stat/metrics.go:210","content":"(user-api) - qps: 0.0/s, drops: 0, avg time: 0.0ms, med: 0.0ms, 90th: 0.0ms, 99th: 0.0ms, 99.9th: 0.0ms","level":"stat"}
{"@timestamp":"2026-04-13T20:38:28.221+08:00","caller":"stat/usage.go:82","content":"CPU: 34m, MEMORY: Alloc=2.2Mi, TotalAlloc=124.5Mi, Sys=18.4Mi, NumGC=56","level":"stat"}
{"@timestamp":"2026-04-13T20:38:28.226+08:00","caller":"load/sheddingstat.go:61","content":"(api) shedding_stat [1m], cpu: 34, total: 0, pass: 0, drop: 0","level":"stat"}
{"@timestamp":"2026-04-13T20:39:06.582+08:00","caller":"stat/metrics.go:210","content":"(user-api) - qps: 0.0/s, drops: 0, avg time: 0.0ms, med: 0.0ms, 90th: 0.0ms, 99th: 0.0ms, 99.9th: 0.0ms","level":"stat"}
{"@timestamp":"2026-04-13T20:39:28.347+08:00","caller":"stat/usage.go:82","content":"CPU: 30m, MEMORY: Alloc=2.7Mi, TotalAlloc=127.1Mi, Sys=18.4Mi, NumGC=57","level":"stat"}
{"@timestamp":"2026-04-13T20:39:28.352+08:00","caller":"load/sheddingstat.go:61","content":"(api) shedding_stat [1m], cpu: 30, total: 0, pass: 0, drop: 0","level":"stat"}
{"@timestamp":"2026-04-13T20:40:06.651+08:00","caller":"stat/metrics.go:210","content":"(user-api) - qps: 0.0/s, drops: 0, avg time: 0.0ms, med: 0.0ms, 90th: 0.0ms, 99th: 0.0ms, 99.9th: 0.0ms","level":"stat"}
{"@timestamp":"2026-04-13T20:40:28.414+08:00","caller":"stat/usage.go:82","content":"CPU: 32m, MEMORY: Alloc=3.2Mi, TotalAlloc=129.9Mi, Sys=18.4Mi, NumGC=58","level":"stat"}
{"@timestamp":"2026-04-13T20:40:28.420+08:00","caller":"load/sheddingstat.go:61","content":"(api) shedding_stat [1m], cpu: 32, total: 0, pass: 0, drop: 0","level":"stat"}
{"@timestamp":"2026-04-13T20:41:06.773+08:00","caller":"stat/metrics.go:210","content":"(user-api) - qps: 0.0/s, drops: 0, avg time: 0.0ms, med: 0.0ms, 90th: 0.0ms, 99th: 0.0ms, 99.9th: 0.0ms","level":"stat"}
{"@timestamp":"2026-04-13T20:41:28.539+08:00","caller":"stat/usage.go:82","content":"CPU: 51m, MEMORY: Alloc=1.6Mi, TotalAlloc=132.7Mi, Sys=18.4Mi, NumGC=60","level":"stat"}
{"@timestamp":"2026-04-13T20:41:28.544+08:00","caller":"load/sheddingstat.go:61","content":"(api) shedding_stat [1m], cpu: 51, total: 0, pass: 0, drop: 0","level":"stat"}
{"@timestamp":"2026-04-13T20:42:06.910+08:00","caller":"stat/metrics.go:210","content":"(user-api) - qps: 0.0/s, drops: 0, avg time: 0.0ms, med: 0.0ms, 90th: 0.0ms, 99th: 0.0ms, 99.9th: 0.0ms","level":"stat"}
{"@timestamp":"2026-04-13T20:42:28.672+08:00","caller":"stat/usage.go:82","content":"CPU: 63m, MEMORY: Alloc=2.1Mi, TotalAlloc=135.3Mi, Sys=18.4Mi, NumGC=61","level":"stat"}
{"@timestamp":"2026-04-13T20:42:28.677+08:00","caller":"load/sheddingstat.go:61","content":"(api) shedding_stat [1m], cpu: 63, total: 0, pass: 0, drop: 0","level":"stat"}
{"@timestamp":"2026-04-13T20:43:06.986+08:00","caller":"stat/metrics.go:210","content":"(user-api) - qps: 0.0/s, drops: 0, avg time: 0.0ms, med: 0.0ms, 90th: 0.0ms, 99th: 0.0ms, 99.9th: 0.0ms","level":"stat"}
{"@timestamp":"2026-04-13T20:43:28.750+08:00","caller":"stat/usage.go:82","content":"CPU: 40m, MEMORY: Alloc=2.6Mi, TotalAlloc=138.1Mi, Sys=18.4Mi, NumGC=62","level":"stat"}
{"@timestamp":"2026-04-13T20:43:28.754+08:00","caller":"load/sheddingstat.go:61","content":"(api) shedding_stat [1m], cpu: 40, total: 0, pass: 0, drop: 0","level":"stat"}
{"@timestamp":"2026-04-13T20:44:07.100+08:00","caller":"stat/metrics.go:210","content":"(user-api) - qps: 0.0/s, drops: 0, avg time: 0.0ms, med: 0.0ms, 90th: 0.0ms, 99th: 0.0ms, 99.9th: 0.0ms","level":"stat"}
{"@timestamp":"2026-04-13T20:44:28.865+08:00","caller":"stat/usage.go:82","content":"CPU: 38m, MEMORY: Alloc=3.1Mi, TotalAlloc=140.8Mi, Sys=18.4Mi, NumGC=63","level":"stat"}
{"@timestamp":"2026-04-13T20:44:28.870+08:00","caller":"load/sheddingstat.go:61","content":"(api) shedding_stat [1m], cpu: 38, total: 0, pass: 0, drop: 0","level":"stat"}
{"@timestamp":"2026-04-13T20:45:07.208+08:00","caller":"stat/metrics.go:210","content":"(user-api) - qps: 0.0/s, drops: 0, avg time: 0.0ms, med: 0.0ms, 90th: 0.0ms, 99th: 0.0ms, 99.9th: 0.0ms","level":"stat"}
{"@timestamp":"2026-04-13T20:45:28.965+08:00","caller":"stat/usage.go:82","content":"CPU: 37m, MEMORY: Alloc=1.7Mi, TotalAlloc=143.6Mi, Sys=18.4Mi, NumGC=65","level":"stat"}
{"@timestamp":"2026-04-13T20:45:28.969+08:00","caller":"load/sheddingstat.go:61","content":"(api) shedding_stat [1m], cpu: 37, total: 0, pass: 0, drop: 0","level":"stat"}
{"@timestamp":"2026-04-13T20:46:07.263+08:00","caller":"stat/metrics.go:210","content":"(user-api) - qps: 0.0/s, drops: 0, avg time: 0.0ms, med: 0.0ms, 90th: 0.0ms, 99th: 0.0ms, 99.9th: 0.0ms","level":"stat"}
{"@timestamp":"2026-04-13T20:46:29.027+08:00","caller":"stat/usage.go:82","content":"CPU: 61m, MEMORY: Alloc=2.2Mi, TotalAlloc=146.2Mi, Sys=18.4Mi, NumGC=66","level":"stat"}
{"@timestamp":"2026-04-13T20:46:29.030+08:00","caller":"load/sheddingstat.go:61","content":"(api) shedding_stat [1m], cpu: 61, total: 0, pass: 0, drop: 0","level":"stat"}
{"@timestamp":"2026-04-13T20:47:07.384+08:00","caller":"stat/metrics.go:210","content":"(user-api) - qps: 0.0/s, drops: 0, avg time: 0.0ms, med: 0.0ms, 90th: 0.0ms, 99th: 0.0ms, 99.9th: 0.0ms","level":"stat"}
{"@timestamp":"2026-04-13T20:47:29.145+08:00","caller":"stat/usage.go:82","content":"CPU: 26m, MEMORY: Alloc=2.9Mi, TotalAlloc=149.0Mi, Sys=18.4Mi, NumGC=67","level":"stat"}
{"@timestamp":"2026-04-13T20:47:29.160+08:00","caller":"load/sheddingstat.go:61","content":"(api) shedding_stat [1m], cpu: 26, total: 0, pass: 0, drop: 0","level":"stat"}
{"@timestamp":"2026-04-13T20:48:07.453+08:00","caller":"stat/metrics.go:210","content":"(user-api) - qps: 0.0/s, drops: 0, avg time: 0.0ms, med: 0.0ms, 90th: 0.0ms, 99th: 0.0ms, 99.9th: 0.0ms","level":"stat"}
{"@timestamp":"2026-04-13T20:48:29.217+08:00","caller":"stat/usage.go:82","content":"CPU: 36m, MEMORY: Alloc=1.4Mi, TotalAlloc=151.9Mi, Sys=18.4Mi, NumGC=69","level":"stat"}
{"@timestamp":"2026-04-13T20:48:29.223+08:00","caller":"load/sheddingstat.go:61","content":"(api) shedding_stat [1m], cpu: 36, total: 0, pass: 0, drop: 0","level":"stat"}
{"@timestamp":"2026-04-13T20:49:07.593+08:00","caller":"stat/metrics.go:210","content":"(user-api) - qps: 0.0/s, drops: 0, avg time: 0.0ms, med: 0.0ms, 90th: 0.0ms, 99th: 0.0ms, 99.9th: 0.0ms","level":"stat"}
{"@timestamp":"2026-04-13T20:49:29.354+08:00","caller":"stat/usage.go:82","content":"CPU: 79m, MEMORY: Alloc=1.8Mi, TotalAlloc=154.5Mi, Sys=18.4Mi, NumGC=70","level":"stat"}
{"@timestamp":"2026-04-13T20:49:29.359+08:00","caller":"load/sheddingstat.go:61","content":"(api) shedding_stat [1m], cpu: 79, total: 0, pass: 0, drop: 0","level":"stat"}
{"@timestamp":"2026-04-13T20:50:07.662+08:00","caller":"stat/metrics.go:210","content":"(user-api) - qps: 0.0/s, drops: 0, avg time: 0.0ms, med: 0.0ms, 90th: 0.0ms, 99th: 0.0ms, 99.9th: 0.0ms","level":"stat"}
{"@timestamp":"2026-04-13T20:50:29.424+08:00","caller":"stat/usage.go:82","content":"CPU: 43m, MEMORY: Alloc=2.3Mi, TotalAlloc=157.2Mi, Sys=18.4Mi, NumGC=71","level":"stat"}
{"@timestamp":"2026-04-13T20:50:29.428+08:00","caller":"load/sheddingstat.go:61","content":"(api) shedding_stat [1m], cpu: 43, total: 0, pass: 0, drop: 0","level":"stat"}
{"@timestamp":"2026-04-13T20:51:07.792+08:00","caller":"stat/metrics.go:210","content":"(user-api) - qps: 0.0/s, drops: 0, avg time: 0.0ms, med: 0.0ms, 90th: 0.0ms, 99th: 0.0ms, 99.9th: 0.0ms","level":"stat"}
{"@timestamp":"2026-04-13T20:51:29.558+08:00","caller":"stat/usage.go:82","content":"CPU: 43m, MEMORY: Alloc=2.9Mi, TotalAlloc=159.9Mi, Sys=18.4Mi, NumGC=72","level":"stat"}
{"@timestamp":"2026-04-13T20:51:29.562+08:00","caller":"load/sheddingstat.go:61","content":"(api) shedding_stat [1m], cpu: 43, total: 0, pass: 0, drop: 0","level":"stat"}
{"@timestamp":"2026-04-13T20:52:07.873+08:00","caller":"stat/metrics.go:210","content":"(user-api) - qps: 0.0/s, drops: 0, avg time: 0.0ms, med: 0.0ms, 90th: 0.0ms, 99th: 0.0ms, 99.9th: 0.0ms","level":"stat"}
{"@timestamp":"2026-04-13T20:52:29.654+08:00","caller":"load/sheddingstat.go:61","content":"(api) shedding_stat [1m], cpu: 47, total: 0, pass: 0, drop: 0","level":"stat"}
{"@timestamp":"2026-04-13T20:52:29.655+08:00","caller":"stat/usage.go:82","content":"CPU: 47m, MEMORY: Alloc=3.4Mi, TotalAlloc=162.6Mi, Sys=18.4Mi, NumGC=73","level":"stat"}
{"@timestamp":"2026-04-13T20:53:07.997+08:00","caller":"stat/metrics.go:210","content":"(user-api) - qps: 0.0/s, drops: 0, avg time: 0.0ms, med: 0.0ms, 90th: 0.0ms, 99th: 0.0ms, 99.9th: 0.0ms","level":"stat"}
{"@timestamp":"2026-04-13T20:53:29.761+08:00","caller":"stat/usage.go:82","content":"CPU: 25m, MEMORY: Alloc=1.7Mi, TotalAlloc=165.4Mi, Sys=18.4Mi, NumGC=75","level":"stat"}
{"@timestamp":"2026-04-13T20:53:29.766+08:00","caller":"load/sheddingstat.go:61","content":"(api) shedding_stat [1m], cpu: 25, total: 0, pass: 0, drop: 0","level":"stat"}
{"@timestamp":"2026-04-13T20:54:08.140+08:00","caller":"stat/metrics.go:210","content":"(user-api) - qps: 0.0/s, drops: 0, avg time: 0.0ms, med: 0.0ms, 90th: 0.0ms, 99th: 0.0ms, 99.9th: 0.0ms","level":"stat"}
{"@timestamp":"2026-04-13T20:54:29.905+08:00","caller":"stat/usage.go:82","content":"CPU: 54m, MEMORY: Alloc=2.2Mi, TotalAlloc=168.1Mi, Sys=18.4Mi, NumGC=76","level":"stat"}
{"@timestamp":"2026-04-13T20:54:29.909+08:00","caller":"load/sheddingstat.go:61","content":"(api) shedding_stat [1m], cpu: 54, total: 0, pass: 0, drop: 0","level":"stat"}
{"@timestamp":"2026-04-13T20:55:08.257+08:00","caller":"stat/metrics.go:210","content":"(user-api) - qps: 0.0/s, drops: 0, avg time: 0.0ms, med: 0.0ms, 90th: 0.0ms, 99th: 0.0ms, 99.9th: 0.0ms","level":"stat"}
{"@timestamp":"2026-04-13T20:55:30.021+08:00","caller":"stat/usage.go:82","content":"CPU: 36m, MEMORY: Alloc=2.7Mi, TotalAlloc=170.8Mi, Sys=18.4Mi, NumGC=77","level":"stat"}
{"@timestamp":"2026-04-13T20:55:30.026+08:00","caller":"load/sheddingstat.go:61","content":"(api) shedding_stat [1m], cpu: 36, total: 0, pass: 0, drop: 0","level":"stat"}
{"@timestamp":"2026-04-13T20:56:08.351+08:00","caller":"stat/metrics.go:210","content":"(user-api) - qps: 0.0/s, drops: 0, avg time: 0.0ms, med: 0.0ms, 90th: 0.0ms, 99th: 0.0ms, 99.9th: 0.0ms","level":"stat"}
{"@timestamp":"2026-04-13T20:56:30.115+08:00","caller":"stat/usage.go:82","content":"CPU: 44m, MEMORY: Alloc=3.3Mi, TotalAlloc=173.5Mi, Sys=18.4Mi, NumGC=78","level":"stat"}
{"@timestamp":"2026-04-13T20:56:30.120+08:00","caller":"load/sheddingstat.go:61","content":"(api) shedding_stat [1m], cpu: 44, total: 0, pass: 0, drop: 0","level":"stat"}
{"@timestamp":"2026-04-13T20:57:08.464+08:00","caller":"stat/metrics.go:210","content":"(user-api) - qps: 0.0/s, drops: 0, avg time: 0.0ms, med: 0.0ms, 90th: 0.0ms, 99th: 0.0ms, 99.9th: 0.0ms","level":"stat"}
{"@timestamp":"2026-04-13T20:57:30.228+08:00","caller":"stat/usage.go:82","content":"CPU: 36m, MEMORY: Alloc=1.7Mi, TotalAlloc=176.3Mi, Sys=18.4Mi, NumGC=80","level":"stat"}
{"@timestamp":"2026-04-13T20:57:30.234+08:00","caller":"load/sheddingstat.go:61","content":"(api) shedding_stat [1m], cpu: 36, total: 0, pass: 0, drop: 0","level":"stat"}
{"@timestamp":"2026-04-13T20:58:08.580+08:00","caller":"stat/metrics.go:210","content":"(user-api) - qps: 0.0/s, drops: 0, avg time: 0.0ms, med: 0.0ms, 90th: 0.0ms, 99th: 0.0ms, 99.9th: 0.0ms","level":"stat"}
{"@timestamp":"2026-04-13T20:58:30.343+08:00","caller":"stat/usage.go:82","content":"CPU: 47m, MEMORY: Alloc=2.3Mi, TotalAlloc=179.0Mi, Sys=18.4Mi, NumGC=81","level":"stat"}
{"@timestamp":"2026-04-13T20:58:30.347+08:00","caller":"load/sheddingstat.go:61","content":"(api) shedding_stat [1m], cpu: 47, total: 0, pass: 0, drop: 0","level":"stat"}
{"@timestamp":"2026-04-13T20:59:08.666+08:00","caller":"stat/metrics.go:210","content":"(user-api) - qps: 0.0/s, drops: 0, avg time: 0.0ms, med: 0.0ms, 90th: 0.0ms, 99th: 0.0ms, 99.9th: 0.0ms","level":"stat"}
{"@timestamp":"2026-04-13T20:59:30.429+08:00","caller":"stat/usage.go:82","content":"CPU: 64m, MEMORY: Alloc=2.8Mi, TotalAlloc=181.7Mi, Sys=18.4Mi, NumGC=82","level":"stat"}
{"@timestamp":"2026-04-13T20:59:30.434+08:00","caller":"load/sheddingstat.go:61","content":"(api) shedding_stat [1m], cpu: 64, total: 0, pass: 0, drop: 0","level":"stat"}
{"@timestamp":"2026-04-13T21:00:08.798+08:00","caller":"stat/metrics.go:210","content":"(user-api) - qps: 0.0/s, drops: 0, avg time: 0.0ms, med: 0.0ms, 90th: 0.0ms, 99th: 0.0ms, 99.9th: 0.0ms","level":"stat"}
{"@timestamp":"2026-04-13T21:00:30.562+08:00","caller":"stat/usage.go:82","content":"CPU: 37m, MEMORY: Alloc=3.3Mi, TotalAlloc=184.4Mi, Sys=18.4Mi, NumGC=83","level":"stat"}
{"@timestamp":"2026-04-13T21:00:30.566+08:00","caller":"load/sheddingstat.go:61","content":"(api) shedding_stat [1m], cpu: 37, total: 0, pass: 0, drop: 0","level":"stat"}
{"@timestamp":"2026-04-13T21:01:08.923+08:00","caller":"stat/metrics.go:210","content":"(user-api) - qps: 0.0/s, drops: 0, avg time: 0.0ms, med: 0.0ms, 90th: 0.0ms, 99th: 0.0ms, 99.9th: 0.0ms","level":"stat"}
{"@timestamp":"2026-04-13T21:01:30.688+08:00","caller":"stat/usage.go:82","content":"CPU: 55m, MEMORY: Alloc=1.8Mi, TotalAlloc=187.2Mi, Sys=18.4Mi, NumGC=85","level":"stat"}
{"@timestamp":"2026-04-13T21:01:30.692+08:00","caller":"load/sheddingstat.go:61","content":"(api) shedding_stat [1m], cpu: 55, total: 0, pass: 0, drop: 0","level":"stat"}
{"@timestamp":"2026-04-13T21:02:08.983+08:00","caller":"stat/metrics.go:210","content":"(user-api) - qps: 0.0/s, drops: 0, avg time: 0.0ms, med: 0.0ms, 90th: 0.0ms, 99th: 0.0ms, 99.9th: 0.0ms","level":"stat"}
{"@timestamp":"2026-04-13T21:02:30.749+08:00","caller":"stat/usage.go:82","content":"CPU: 41m, MEMORY: Alloc=2.4Mi, TotalAlloc=189.9Mi, Sys=18.4Mi, NumGC=86","level":"stat"}
{"@timestamp":"2026-04-13T21:02:30.753+08:00","caller":"load/sheddingstat.go:61","content":"(api) shedding_stat [1m], cpu: 41, total: 0, pass: 0, drop: 0","level":"stat"}
{"@timestamp":"2026-04-13T21:03:09.098+08:00","caller":"stat/metrics.go:210","content":"(user-api) - qps: 0.0/s, drops: 0, avg time: 0.0ms, med: 0.0ms, 90th: 0.0ms, 99th: 0.0ms, 99.9th: 0.0ms","level":"stat"}
{"@timestamp":"2026-04-13T21:03:30.870+08:00","caller":"stat/usage.go:82","content":"CPU: 269m, MEMORY: Alloc=2.9Mi, TotalAlloc=192.6Mi, Sys=18.4Mi, NumGC=87","level":"stat"}
{"@timestamp":"2026-04-13T21:03:30.869+08:00","caller":"load/sheddingstat.go:61","content":"(api) shedding_stat [1m], cpu: 269, total: 0, pass: 0, drop: 0","level":"stat"}
{"@timestamp":"2026-04-13T21:04:09.195+08:00","caller":"stat/metrics.go:210","content":"(user-api) - qps: 0.0/s, drops: 0, avg time: 0.0ms, med: 0.0ms, 90th: 0.0ms, 99th: 0.0ms, 99.9th: 0.0ms","level":"stat"}
{"@timestamp":"2026-04-13T21:04:30.968+08:00","caller":"load/sheddingstat.go:61","content":"(api) shedding_stat [1m], cpu: 286, total: 0, pass: 0, drop: 0","level":"stat"}
{"@timestamp":"2026-04-13T21:04:30.969+08:00","caller":"stat/usage.go:82","content":"CPU: 286m, MEMORY: Alloc=1.4Mi, TotalAlloc=195.5Mi, Sys=18.4Mi, NumGC=89","level":"stat"}
{"@timestamp":"2026-04-13T21:05:09.324+08:00","caller":"stat/metrics.go:210","content":"(user-api) - qps: 0.0/s, drops: 0, avg time: 0.0ms, med: 0.0ms, 90th: 0.0ms, 99th: 0.0ms, 99.9th: 0.0ms","level":"stat"}
{"@timestamp":"2026-04-13T21:05:31.086+08:00","caller":"stat/usage.go:82","content":"CPU: 48m, MEMORY: Alloc=2.0Mi, TotalAlloc=198.1Mi, Sys=18.4Mi, NumGC=90","level":"stat"}
{"@timestamp":"2026-04-13T21:05:31.090+08:00","caller":"load/sheddingstat.go:61","content":"(api) shedding_stat [1m], cpu: 48, total: 0, pass: 0, drop: 0","level":"stat"}
{"@timestamp":"2026-04-13T21:06:09.453+08:00","caller":"stat/metrics.go:210","content":"(user-api) - qps: 0.0/s, drops: 0, avg time: 0.0ms, med: 0.0ms, 90th: 0.0ms, 99th: 0.0ms, 99.9th: 0.0ms","level":"stat"}
{"@timestamp":"2026-04-13T21:06:31.217+08:00","caller":"stat/usage.go:82","content":"CPU: 52m, MEMORY: Alloc=2.5Mi, TotalAlloc=200.8Mi, Sys=18.4Mi, NumGC=91","level":"stat"}
{"@timestamp":"2026-04-13T21:06:31.223+08:00","caller":"load/sheddingstat.go:61","content":"(api) shedding_stat [1m], cpu: 52, total: 0, pass: 0, drop: 0","level":"stat"}
{"@timestamp":"2026-04-13T21:07:09.580+08:00","caller":"stat/metrics.go:210","content":"(user-api) - qps: 0.0/s, drops: 0, avg time: 0.0ms, med: 0.0ms, 90th: 0.0ms, 99th: 0.0ms, 99.9th: 0.0ms","level":"stat"}
{"@timestamp":"2026-04-13T21:07:31.346+08:00","caller":"stat/usage.go:82","content":"CPU: 36m, MEMORY: Alloc=3.1Mi, TotalAlloc=203.5Mi, Sys=18.4Mi, NumGC=92","level":"stat"}
{"@timestamp":"2026-04-13T21:07:31.349+08:00","caller":"load/sheddingstat.go:61","content":"(api) shedding_stat [1m], cpu: 36, total: 0, pass: 0, drop: 0","level":"stat"}
{"@timestamp":"2026-04-13T21:08:09.698+08:00","caller":"stat/metrics.go:210","content":"(user-api) - qps: 0.0/s, drops: 0, avg time: 0.0ms, med: 0.0ms, 90th: 0.0ms, 99th: 0.0ms, 99.9th: 0.0ms","level":"stat"}
{"@timestamp":"2026-04-13T21:08:31.463+08:00","caller":"stat/usage.go:82","content":"CPU: 43m, MEMORY: Alloc=1.5Mi, TotalAlloc=206.4Mi, Sys=18.4Mi, NumGC=94","level":"stat"}
{"@timestamp":"2026-04-13T21:08:31.467+08:00","caller":"load/sheddingstat.go:61","content":"(api) shedding_stat [1m], cpu: 43, total: 0, pass: 0, drop: 0","level":"stat"}
{"@timestamp":"2026-04-13T21:09:09.810+08:00","caller":"stat/metrics.go:210","content":"(user-api) - qps: 0.0/s, drops: 0, avg time: 0.0ms, med: 0.0ms, 90th: 0.0ms, 99th: 0.0ms, 99.9th: 0.0ms","level":"stat"}
{"@timestamp":"2026-04-13T21:09:31.574+08:00","caller":"stat/usage.go:82","content":"CPU: 67m, MEMORY: Alloc=2.0Mi, TotalAlloc=209.0Mi, Sys=18.4Mi, NumGC=95","level":"stat"}
{"@timestamp":"2026-04-13T21:09:31.578+08:00","caller":"load/sheddingstat.go:61","content":"(api) shedding_stat [1m], cpu: 67, total: 0, pass: 0, drop: 0","level":"stat"}
{"@timestamp":"2026-04-13T21:10:09.947+08:00","caller":"stat/metrics.go:210","content":"(user-api) - qps: 0.0/s, drops: 0, avg time: 0.0ms, med: 0.0ms, 90th: 0.0ms, 99th: 0.0ms, 99.9th: 0.0ms","level":"stat"}
{"@timestamp":"2026-04-13T21:10:31.711+08:00","caller":"stat/usage.go:82","content":"CPU: 38m, MEMORY: Alloc=2.5Mi, TotalAlloc=211.7Mi, Sys=18.4Mi, NumGC=96","level":"stat"}
{"@timestamp":"2026-04-13T21:10:31.717+08:00","caller":"load/sheddingstat.go:61","content":"(api) shedding_stat [1m], cpu: 38, total: 0, pass: 0, drop: 0","level":"stat"}
{"@timestamp":"2026-04-13T21:11:06.876+08:00","caller":"stat/metrics.go:210","content":"(user-api) - qps: 0.0/s, drops: 0, avg time: 0.0ms, med: 0.0ms, 90th: 0.0ms, 99th: 0.0ms, 99.9th: 0.0ms","level":"stat"}
{"@timestamp":"2026-04-13T21:18:05.031+08:00","caller":"stat/usage.go:82","content":"CPU: 38m, MEMORY: Alloc=1.5Mi, TotalAlloc=4.5Mi, Sys=17.9Mi, NumGC=2","level":"stat"}
{"@timestamp":"2026-04-13T21:18:05.039+08:00","caller":"cache/cachestat.go:71","content":"dbcache(sqlc) - qpm: 2, hit_ratio: 100.0%, hit: 2, miss: 0, db_fails: 0","level":"stat"}
{"@timestamp":"2026-04-13T21:18:05.053+08:00","caller":"load/sheddingstat.go:61","content":"(api) shedding_stat [1m], cpu: 38, total: 1, pass: 1, drop: 0","level":"stat"}
{"@timestamp":"2026-04-13T21:18:25.044+08:00","caller":"stat/metrics.go:210","content":"(user-api) - qps: 0.0/s, drops: 0, avg time: 195.0ms, med: 195.2ms, 90th: 195.2ms, 99th: 195.2ms, 99.9th: 195.2ms","level":"stat"}
{"@timestamp":"2026-04-13T21:19:05.175+08:00","caller":"stat/usage.go:82","content":"CPU: 64m, MEMORY: Alloc=2.4Mi, TotalAlloc=7.1Mi, Sys=18.1Mi, NumGC=3","level":"stat"}
{"@timestamp":"2026-04-13T21:19:05.188+08:00","caller":"load/sheddingstat.go:61","content":"(api) shedding_stat [1m], cpu: 64, total: 0, pass: 0, drop: 0","level":"stat"}
{"@timestamp":"2026-04-13T21:19:25.180+08:00","caller":"stat/metrics.go:210","content":"(user-api) - qps: 0.0/s, drops: 0, avg time: 0.0ms, med: 0.0ms, 90th: 0.0ms, 99th: 0.0ms, 99.9th: 0.0ms","level":"stat"}
{"@timestamp":"2026-04-13T21:20:05.295+08:00","caller":"stat/usage.go:82","content":"CPU: 63m, MEMORY: Alloc=1.5Mi, TotalAlloc=10.0Mi, Sys=18.1Mi, NumGC=5","level":"stat"}
{"@timestamp":"2026-04-13T21:20:05.317+08:00","caller":"load/sheddingstat.go:61","content":"(api) shedding_stat [1m], cpu: 63, total: 0, pass: 0, drop: 0","level":"stat"}
{"@timestamp":"2026-04-13T21:20:25.261+08:00","caller":"stat/metrics.go:210","content":"(user-api) - qps: 0.0/s, drops: 0, avg time: 0.0ms, med: 0.0ms, 90th: 0.0ms, 99th: 0.0ms, 99.9th: 0.0ms","level":"stat"}
{"@timestamp":"2026-04-13T21:21:05.384+08:00","caller":"stat/usage.go:82","content":"CPU: 124m, MEMORY: Alloc=2.3Mi, TotalAlloc=12.6Mi, Sys=18.1Mi, NumGC=6","level":"stat"}
{"@timestamp":"2026-04-13T21:21:05.406+08:00","caller":"load/sheddingstat.go:61","content":"(api) shedding_stat [1m], cpu: 124, total: 0, pass: 0, drop: 0","level":"stat"}
{"@timestamp":"2026-04-13T21:21:25.341+08:00","caller":"stat/metrics.go:210","content":"(user-api) - qps: 0.0/s, drops: 0, avg time: 0.0ms, med: 0.0ms, 90th: 0.0ms, 99th: 0.0ms, 99.9th: 0.0ms","level":"stat"}
{"@timestamp":"2026-04-13T21:22:05.426+08:00","caller":"stat/usage.go:82","content":"CPU: 41m, MEMORY: Alloc=3.1Mi, TotalAlloc=15.3Mi, Sys=18.1Mi, NumGC=7","level":"stat"}
{"@timestamp":"2026-04-13T21:22:05.447+08:00","caller":"load/sheddingstat.go:61","content":"(api) shedding_stat [1m], cpu: 41, total: 0, pass: 0, drop: 0","level":"stat"}
{"@timestamp":"2026-04-13T21:22:25.446+08:00","caller":"stat/metrics.go:210","content":"(user-api) - qps: 0.0/s, drops: 0, avg time: 0.0ms, med: 0.0ms, 90th: 0.0ms, 99th: 0.0ms, 99.9th: 0.0ms","level":"stat"}
{"@timestamp":"2026-04-13T21:23:05.569+08:00","caller":"stat/usage.go:82","content":"CPU: 53m, MEMORY: Alloc=2.1Mi, TotalAlloc=18.1Mi, Sys=18.1Mi, NumGC=9","level":"stat"}
{"@timestamp":"2026-04-13T21:23:05.591+08:00","caller":"load/sheddingstat.go:61","content":"(api) shedding_stat [1m], cpu: 53, total: 0, pass: 0, drop: 0","level":"stat"}
{"@timestamp":"2026-04-13T21:23:25.585+08:00","caller":"stat/metrics.go:210","content":"(user-api) - qps: 0.0/s, drops: 0, avg time: 0.0ms, med: 0.0ms, 90th: 0.0ms, 99th: 0.0ms, 99.9th: 0.0ms","level":"stat"}
{"@timestamp":"2026-04-13T21:24:05.718+08:00","caller":"stat/usage.go:82","content":"CPU: 91m, MEMORY: Alloc=3.0Mi, TotalAlloc=20.8Mi, Sys=18.1Mi, NumGC=10","level":"stat"}
{"@timestamp":"2026-04-13T21:24:05.737+08:00","caller":"load/sheddingstat.go:61","content":"(api) shedding_stat [1m], cpu: 91, total: 0, pass: 0, drop: 0","level":"stat"}
{"@timestamp":"2026-04-13T21:24:25.736+08:00","caller":"stat/metrics.go:210","content":"(user-api) - qps: 0.0/s, drops: 0, avg time: 0.0ms, med: 0.0ms, 90th: 0.0ms, 99th: 0.0ms, 99.9th: 0.0ms","level":"stat"}
{"@timestamp":"2026-04-13T21:25:05.851+08:00","caller":"stat/usage.go:82","content":"CPU: 65m, MEMORY: Alloc=1.9Mi, TotalAlloc=23.5Mi, Sys=18.1Mi, NumGC=12","level":"stat"}
{"@timestamp":"2026-04-13T21:25:05.873+08:00","caller":"load/sheddingstat.go:61","content":"(api) shedding_stat [1m], cpu: 65, total: 0, pass: 0, drop: 0","level":"stat"}
{"@timestamp":"2026-04-13T21:25:25.810+08:00","caller":"stat/metrics.go:210","content":"(user-api) - qps: 0.0/s, drops: 0, avg time: 0.0ms, med: 0.0ms, 90th: 0.0ms, 99th: 0.0ms, 99.9th: 0.0ms","level":"stat"}
{"@timestamp":"2026-04-13T21:26:05.922+08:00","caller":"stat/usage.go:82","content":"CPU: 31m, MEMORY: Alloc=2.8Mi, TotalAlloc=26.3Mi, Sys=18.1Mi, NumGC=13","level":"stat"}
{"@timestamp":"2026-04-13T21:26:05.944+08:00","caller":"load/sheddingstat.go:61","content":"(api) shedding_stat [1m], cpu: 31, total: 0, pass: 0, drop: 0","level":"stat"}
{"@timestamp":"2026-04-13T21:26:25.891+08:00","caller":"stat/metrics.go:210","content":"(user-api) - qps: 0.0/s, drops: 0, avg time: 0.0ms, med: 0.0ms, 90th: 0.0ms, 99th: 0.0ms, 99.9th: 0.0ms","level":"stat"}
{"@timestamp":"2026-04-13T21:27:06.020+08:00","caller":"stat/usage.go:82","content":"CPU: 64m, MEMORY: Alloc=1.7Mi, TotalAlloc=29.0Mi, Sys=18.1Mi, NumGC=15","level":"stat"}
{"@timestamp":"2026-04-13T21:27:06.041+08:00","caller":"load/sheddingstat.go:61","content":"(api) shedding_stat [1m], cpu: 64, total: 0, pass: 0, drop: 0","level":"stat"}
{"@timestamp":"2026-04-13T21:27:25.991+08:00","caller":"stat/metrics.go:210","content":"(user-api) - qps: 0.0/s, drops: 0, avg time: 0.0ms, med: 0.0ms, 90th: 0.0ms, 99th: 0.0ms, 99.9th: 0.0ms","level":"stat"}
{"@timestamp":"2026-04-13T21:28:06.122+08:00","caller":"stat/usage.go:82","content":"CPU: 98m, MEMORY: Alloc=2.6Mi, TotalAlloc=31.7Mi, Sys=18.1Mi, NumGC=16","level":"stat"}
{"@timestamp":"2026-04-13T21:28:06.141+08:00","caller":"load/sheddingstat.go:61","content":"(api) shedding_stat [1m], cpu: 98, total: 0, pass: 0, drop: 0","level":"stat"}
{"@timestamp":"2026-04-13T21:28:26.123+08:00","caller":"stat/metrics.go:210","content":"(user-api) - qps: 0.0/s, drops: 0, avg time: 0.0ms, med: 0.0ms, 90th: 0.0ms, 99th: 0.0ms, 99.9th: 0.0ms","level":"stat"}
{"@timestamp":"2026-04-13T21:29:06.194+08:00","caller":"stat/usage.go:82","content":"CPU: 40m, MEMORY: Alloc=1.6Mi, TotalAlloc=34.5Mi, Sys=18.1Mi, NumGC=18","level":"stat"}
{"@timestamp":"2026-04-13T21:29:06.216+08:00","caller":"load/sheddingstat.go:61","content":"(api) shedding_stat [1m], cpu: 40, total: 0, pass: 0, drop: 0","level":"stat"}
{"@timestamp":"2026-04-13T21:29:26.220+08:00","caller":"stat/metrics.go:210","content":"(user-api) - qps: 0.0/s, drops: 0, avg time: 0.0ms, med: 0.0ms, 90th: 0.0ms, 99th: 0.0ms, 99.9th: 0.0ms","level":"stat"}
{"@timestamp":"2026-04-13T21:30:06.291+08:00","caller":"stat/usage.go:82","content":"CPU: 50m, MEMORY: Alloc=2.4Mi, TotalAlloc=37.2Mi, Sys=18.1Mi, NumGC=19","level":"stat"}
{"@timestamp":"2026-04-13T21:30:06.314+08:00","caller":"load/sheddingstat.go:61","content":"(api) shedding_stat [1m], cpu: 50, total: 0, pass: 0, drop: 0","level":"stat"}
{"@timestamp":"2026-04-13T21:30:26.380+08:00","caller":"stat/metrics.go:210","content":"(user-api) - qps: 0.0/s, drops: 0, avg time: 0.0ms, med: 0.0ms, 90th: 0.0ms, 99th: 0.0ms, 99.9th: 0.0ms","level":"stat"}
{"@timestamp":"2026-04-13T21:31:06.439+08:00","caller":"stat/usage.go:82","content":"CPU: 37m, MEMORY: Alloc=1.5Mi, TotalAlloc=40.0Mi, Sys=18.1Mi, NumGC=21","level":"stat"}
{"@timestamp":"2026-04-13T21:31:06.460+08:00","caller":"load/sheddingstat.go:61","content":"(api) shedding_stat [1m], cpu: 37, total: 0, pass: 0, drop: 0","level":"stat"}
{"@timestamp":"2026-04-13T21:31:26.459+08:00","caller":"stat/metrics.go:210","content":"(user-api) - qps: 0.0/s, drops: 0, avg time: 0.0ms, med: 0.0ms, 90th: 0.0ms, 99th: 0.0ms, 99.9th: 0.0ms","level":"stat"}
{"@timestamp":"2026-04-13T21:32:06.567+08:00","caller":"stat/usage.go:82","content":"CPU: 49m, MEMORY: Alloc=2.3Mi, TotalAlloc=42.6Mi, Sys=18.1Mi, NumGC=22","level":"stat"}
{"@timestamp":"2026-04-13T21:32:06.587+08:00","caller":"load/sheddingstat.go:61","content":"(api) shedding_stat [1m], cpu: 49, total: 0, pass: 0, drop: 0","level":"stat"}
{"@timestamp":"2026-04-13T21:32:26.580+08:00","caller":"stat/metrics.go:210","content":"(user-api) - qps: 0.0/s, drops: 0, avg time: 0.0ms, med: 0.0ms, 90th: 0.0ms, 99th: 0.0ms, 99.9th: 0.0ms","level":"stat"}
{"@timestamp":"2026-04-13T21:33:06.702+08:00","caller":"stat/usage.go:82","content":"CPU: 44m, MEMORY: Alloc=3.1Mi, TotalAlloc=45.4Mi, Sys=18.1Mi, NumGC=23","level":"stat"}
{"@timestamp":"2026-04-13T21:33:06.724+08:00","caller":"load/sheddingstat.go:61","content":"(api) shedding_stat [1m], cpu: 44, total: 0, pass: 0, drop: 0","level":"stat"}
{"@timestamp":"2026-04-13T21:33:22.588+08:00","caller":"stat/metrics.go:210","content":"(user-api) - qps: 0.0/s, drops: 0, avg time: 0.0ms, med: 0.0ms, 90th: 0.0ms, 99th: 0.0ms, 99.9th: 0.0ms","level":"stat"}
{"@timestamp":"2026-04-13T21:37:50.183+08:00","caller":"stat/usage.go:82","content":"CPU: 38m, MEMORY: Alloc=2.2Mi, TotalAlloc=4.2Mi, Sys=13.8Mi, NumGC=1","level":"stat"}
{"@timestamp":"2026-04-13T21:37:50.184+08:00","caller":"cache/cachestat.go:71","content":"dbcache(sqlc) - qpm: 2, hit_ratio: 100.0%, hit: 2, miss: 0, db_fails: 0","level":"stat"}
{"@timestamp":"2026-04-13T21:37:50.187+08:00","caller":"load/sheddingstat.go:61","content":"(api) shedding_stat [1m], cpu: 38, total: 2, pass: 2, drop: 0","level":"stat"}
{"@timestamp":"2026-04-13T21:37:53.141+08:00","caller":"stat/metrics.go:210","content":"(user-api) - qps: 0.0/s, drops: 0, avg time: 31.0ms, med: 62.5ms, 90th: 62.5ms, 99th: 62.5ms, 99.9th: 62.5ms","level":"stat"}
{"@timestamp":"2026-04-13T21:38:50.303+08:00","caller":"stat/usage.go:82","content":"CPU: 27m, MEMORY: Alloc=1.6Mi, TotalAlloc=7.2Mi, Sys=18.1Mi, NumGC=3","level":"stat"}
{"@timestamp":"2026-04-13T21:38:50.307+08:00","caller":"load/sheddingstat.go:61","content":"(api) shedding_stat [1m], cpu: 27, total: 0, pass: 0, drop: 0","level":"stat"}
{"@timestamp":"2026-04-13T21:38:53.262+08:00","caller":"stat/metrics.go:210","content":"(user-api) - qps: 0.0/s, drops: 0, avg time: 0.0ms, med: 0.0ms, 90th: 0.0ms, 99th: 0.0ms, 99.9th: 0.0ms","level":"stat"}
{"@timestamp":"2026-04-13T21:39:50.438+08:00","caller":"stat/usage.go:82","content":"CPU: 24m, MEMORY: Alloc=2.2Mi, TotalAlloc=9.9Mi, Sys=18.1Mi, NumGC=4","level":"stat"}
{"@timestamp":"2026-04-13T21:39:50.442+08:00","caller":"load/sheddingstat.go:61","content":"(api) shedding_stat [1m], cpu: 24, total: 0, pass: 0, drop: 0","level":"stat"}
{"@timestamp":"2026-04-13T21:39:53.396+08:00","caller":"stat/metrics.go:210","content":"(user-api) - qps: 0.0/s, drops: 0, avg time: 0.0ms, med: 0.0ms, 90th: 0.0ms, 99th: 0.0ms, 99.9th: 0.0ms","level":"stat"}
{"@timestamp":"2026-04-13T21:40:50.555+08:00","caller":"stat/usage.go:82","content":"CPU: 20m, MEMORY: Alloc=2.7Mi, TotalAlloc=12.6Mi, Sys=18.1Mi, NumGC=5","level":"stat"}
{"@timestamp":"2026-04-13T21:40:50.560+08:00","caller":"load/sheddingstat.go:61","content":"(api) shedding_stat [1m], cpu: 20, total: 0, pass: 0, drop: 0","level":"stat"}
{"@timestamp":"2026-04-13T21:40:53.514+08:00","caller":"stat/metrics.go:210","content":"(user-api) - qps: 0.0/s, drops: 0, avg time: 0.0ms, med: 0.0ms, 90th: 0.0ms, 99th: 0.0ms, 99.9th: 0.0ms","level":"stat"}
{"@timestamp":"2026-04-13T21:41:50.666+08:00","caller":"stat/usage.go:82","content":"CPU: 36m, MEMORY: Alloc=3.3Mi, TotalAlloc=15.3Mi, Sys=18.1Mi, NumGC=6","level":"stat"}
{"@timestamp":"2026-04-13T21:41:50.670+08:00","caller":"load/sheddingstat.go:61","content":"(api) shedding_stat [1m], cpu: 36, total: 0, pass: 0, drop: 0","level":"stat"}
{"@timestamp":"2026-04-13T21:41:53.625+08:00","caller":"stat/metrics.go:210","content":"(user-api) - qps: 0.0/s, drops: 0, avg time: 0.0ms, med: 0.0ms, 90th: 0.0ms, 99th: 0.0ms, 99.9th: 0.0ms","level":"stat"}
{"@timestamp":"2026-04-13T21:42:50.737+08:00","caller":"stat/usage.go:82","content":"CPU: 22m, MEMORY: Alloc=1.6Mi, TotalAlloc=18.1Mi, Sys=18.1Mi, NumGC=8","level":"stat"}
{"@timestamp":"2026-04-13T21:42:50.741+08:00","caller":"load/sheddingstat.go:61","content":"(api) shedding_stat [1m], cpu: 22, total: 0, pass: 0, drop: 0","level":"stat"}
{"@timestamp":"2026-04-13T21:42:53.696+08:00","caller":"stat/metrics.go:210","content":"(user-api) - qps: 0.0/s, drops: 0, avg time: 0.0ms, med: 0.0ms, 90th: 0.0ms, 99th: 0.0ms, 99.9th: 0.0ms","level":"stat"}
{"@timestamp":"2026-04-13T21:43:50.851+08:00","caller":"stat/usage.go:82","content":"CPU: 19m, MEMORY: Alloc=2.1Mi, TotalAlloc=20.8Mi, Sys=18.1Mi, NumGC=9","level":"stat"}
{"@timestamp":"2026-04-13T21:43:50.855+08:00","caller":"load/sheddingstat.go:61","content":"(api) shedding_stat [1m], cpu: 19, total: 0, pass: 0, drop: 0","level":"stat"}
{"@timestamp":"2026-04-13T21:43:53.810+08:00","caller":"stat/metrics.go:210","content":"(user-api) - qps: 0.0/s, drops: 0, avg time: 0.0ms, med: 0.0ms, 90th: 0.0ms, 99th: 0.0ms, 99.9th: 0.0ms","level":"stat"}
{"@timestamp":"2026-04-13T21:44:50.972+08:00","caller":"stat/usage.go:82","content":"CPU: 23m, MEMORY: Alloc=2.7Mi, TotalAlloc=23.5Mi, Sys=18.1Mi, NumGC=10","level":"stat"}
{"@timestamp":"2026-04-13T21:44:50.974+08:00","caller":"load/sheddingstat.go:61","content":"(api) shedding_stat [1m], cpu: 23, total: 0, pass: 0, drop: 0","level":"stat"}
{"@timestamp":"2026-04-13T21:44:53.929+08:00","caller":"stat/metrics.go:210","content":"(user-api) - qps: 0.0/s, drops: 0, avg time: 0.0ms, med: 0.0ms, 90th: 0.0ms, 99th: 0.0ms, 99.9th: 0.0ms","level":"stat"}
{"@timestamp":"2026-04-13T21:45:51.099+08:00","caller":"stat/usage.go:82","content":"CPU: 23m, MEMORY: Alloc=3.2Mi, TotalAlloc=26.3Mi, Sys=18.1Mi, NumGC=11","level":"stat"}
{"@timestamp":"2026-04-13T21:45:51.103+08:00","caller":"load/sheddingstat.go:61","content":"(api) shedding_stat [1m], cpu: 23, total: 0, pass: 0, drop: 0","level":"stat"}
{"@timestamp":"2026-04-13T21:45:54.057+08:00","caller":"stat/metrics.go:210","content":"(user-api) - qps: 0.0/s, drops: 0, avg time: 0.0ms, med: 0.0ms, 90th: 0.0ms, 99th: 0.0ms, 99.9th: 0.0ms","level":"stat"}
{"@timestamp":"2026-04-13T21:46:51.178+08:00","caller":"stat/usage.go:82","content":"CPU: 22m, MEMORY: Alloc=1.5Mi, TotalAlloc=29.1Mi, Sys=18.1Mi, NumGC=13","level":"stat"}
{"@timestamp":"2026-04-13T21:46:51.182+08:00","caller":"load/sheddingstat.go:61","content":"(api) shedding_stat [1m], cpu: 22, total: 0, pass: 0, drop: 0","level":"stat"}
{"@timestamp":"2026-04-13T21:46:54.137+08:00","caller":"stat/metrics.go:210","content":"(user-api) - qps: 0.0/s, drops: 0, avg time: 0.0ms, med: 0.0ms, 90th: 0.0ms, 99th: 0.0ms, 99.9th: 0.0ms","level":"stat"}
{"@timestamp":"2026-04-13T21:47:51.272+08:00","caller":"stat/usage.go:82","content":"CPU: 23m, MEMORY: Alloc=2.1Mi, TotalAlloc=31.7Mi, Sys=18.1Mi, NumGC=14","level":"stat"}
{"@timestamp":"2026-04-13T21:47:51.277+08:00","caller":"load/sheddingstat.go:61","content":"(api) shedding_stat [1m], cpu: 23, total: 0, pass: 0, drop: 0","level":"stat"}
{"@timestamp":"2026-04-13T21:47:54.230+08:00","caller":"stat/metrics.go:210","content":"(user-api) - qps: 0.0/s, drops: 0, avg time: 0.0ms, med: 0.0ms, 90th: 0.0ms, 99th: 0.0ms, 99.9th: 0.0ms","level":"stat"}
{"@timestamp":"2026-04-13T21:48:51.419+08:00","caller":"stat/usage.go:82","content":"CPU: 38m, MEMORY: Alloc=2.6Mi, TotalAlloc=34.4Mi, Sys=18.1Mi, NumGC=15","level":"stat"}
{"@timestamp":"2026-04-13T21:48:51.423+08:00","caller":"load/sheddingstat.go:61","content":"(api) shedding_stat [1m], cpu: 38, total: 0, pass: 0, drop: 0","level":"stat"}
{"@timestamp":"2026-04-13T21:48:54.377+08:00","caller":"stat/metrics.go:210","content":"(user-api) - qps: 0.0/s, drops: 0, avg time: 0.0ms, med: 0.0ms, 90th: 0.0ms, 99th: 0.0ms, 99.9th: 0.0ms","level":"stat"}
{"@timestamp":"2026-04-13T21:49:51.525+08:00","caller":"stat/usage.go:82","content":"CPU: 21m, MEMORY: Alloc=3.2Mi, TotalAlloc=37.2Mi, Sys=18.1Mi, NumGC=16","level":"stat"}
{"@timestamp":"2026-04-13T21:49:51.529+08:00","caller":"load/sheddingstat.go:61","content":"(api) shedding_stat [1m], cpu: 21, total: 0, pass: 0, drop: 0","level":"stat"}
{"@timestamp":"2026-04-13T21:49:54.485+08:00","caller":"stat/metrics.go:210","content":"(user-api) - qps: 0.0/s, drops: 0, avg time: 0.0ms, med: 0.0ms, 90th: 0.0ms, 99th: 0.0ms, 99.9th: 0.0ms","level":"stat"}
{"@timestamp":"2026-04-13T21:50:51.647+08:00","caller":"stat/usage.go:82","content":"CPU: 29m, MEMORY: Alloc=1.6Mi, TotalAlloc=40.0Mi, Sys=18.1Mi, NumGC=18","level":"stat"}
{"@timestamp":"2026-04-13T21:50:51.649+08:00","caller":"load/sheddingstat.go:61","content":"(api) shedding_stat [1m], cpu: 29, total: 0, pass: 0, drop: 0","level":"stat"}
{"@timestamp":"2026-04-13T21:50:54.604+08:00","caller":"stat/metrics.go:210","content":"(user-api) - qps: 0.0/s, drops: 0, avg time: 0.0ms, med: 0.0ms, 90th: 0.0ms, 99th: 0.0ms, 99.9th: 0.0ms","level":"stat"}
{"@timestamp":"2026-04-13T21:51:51.712+08:00","caller":"stat/usage.go:82","content":"CPU: 36m, MEMORY: Alloc=2.1Mi, TotalAlloc=42.6Mi, Sys=18.1Mi, NumGC=19","level":"stat"}
{"@timestamp":"2026-04-13T21:51:51.717+08:00","caller":"load/sheddingstat.go:61","content":"(api) shedding_stat [1m], cpu: 36, total: 0, pass: 0, drop: 0","level":"stat"}
{"@timestamp":"2026-04-13T21:51:54.671+08:00","caller":"stat/metrics.go:210","content":"(user-api) - qps: 0.0/s, drops: 0, avg time: 0.0ms, med: 0.0ms, 90th: 0.0ms, 99th: 0.0ms, 99.9th: 0.0ms","level":"stat"}
{"@timestamp":"2026-04-13T21:52:51.848+08:00","caller":"stat/usage.go:82","content":"CPU: 36m, MEMORY: Alloc=2.6Mi, TotalAlloc=45.4Mi, Sys=18.1Mi, NumGC=20","level":"stat"}
{"@timestamp":"2026-04-13T21:52:51.852+08:00","caller":"load/sheddingstat.go:61","content":"(api) shedding_stat [1m], cpu: 36, total: 0, pass: 0, drop: 0","level":"stat"}
{"@timestamp":"2026-04-13T21:52:54.807+08:00","caller":"stat/metrics.go:210","content":"(user-api) - qps: 0.0/s, drops: 0, avg time: 0.0ms, med: 0.0ms, 90th: 0.0ms, 99th: 0.0ms, 99.9th: 0.0ms","level":"stat"}
{"@timestamp":"2026-04-13T21:53:51.955+08:00","caller":"stat/usage.go:82","content":"CPU: 31m, MEMORY: Alloc=3.2Mi, TotalAlloc=48.1Mi, Sys=18.1Mi, NumGC=21","level":"stat"}
{"@timestamp":"2026-04-13T21:53:51.957+08:00","caller":"load/sheddingstat.go:61","content":"(api) shedding_stat [1m], cpu: 31, total: 0, pass: 0, drop: 0","level":"stat"}
{"@timestamp":"2026-04-13T21:53:54.912+08:00","caller":"stat/metrics.go:210","content":"(user-api) - qps: 0.0/s, drops: 0, avg time: 0.0ms, med: 0.0ms, 90th: 0.0ms, 99th: 0.0ms, 99.9th: 0.0ms","level":"stat"}
{"@timestamp":"2026-04-13T21:54:52.071+08:00","caller":"stat/usage.go:82","content":"CPU: 23m, MEMORY: Alloc=1.6Mi, TotalAlloc=50.9Mi, Sys=18.1Mi, NumGC=23","level":"stat"}
{"@timestamp":"2026-04-13T21:54:52.075+08:00","caller":"load/sheddingstat.go:61","content":"(api) shedding_stat [1m], cpu: 23, total: 0, pass: 0, drop: 0","level":"stat"}
{"@timestamp":"2026-04-13T21:54:55.029+08:00","caller":"stat/metrics.go:210","content":"(user-api) - qps: 0.0/s, drops: 0, avg time: 0.0ms, med: 0.0ms, 90th: 0.0ms, 99th: 0.0ms, 99.9th: 0.0ms","level":"stat"}
{"@timestamp":"2026-04-13T21:55:52.193+08:00","caller":"load/sheddingstat.go:61","content":"(api) shedding_stat [1m], cpu: 48, total: 0, pass: 0, drop: 0","level":"stat"}
{"@timestamp":"2026-04-13T21:55:52.192+08:00","caller":"stat/usage.go:82","content":"CPU: 48m, MEMORY: Alloc=2.2Mi, TotalAlloc=53.5Mi, Sys=18.1Mi, NumGC=24","level":"stat"}
{"@timestamp":"2026-04-13T21:55:55.147+08:00","caller":"stat/metrics.go:210","content":"(user-api) - qps: 0.0/s, drops: 0, avg time: 0.0ms, med: 0.0ms, 90th: 0.0ms, 99th: 0.0ms, 99.9th: 0.0ms","level":"stat"}
{"@timestamp":"2026-04-13T21:56:30.922+08:00","caller":"stat/metrics.go:210","content":"(user-api) - qps: 0.0/s, drops: 0, avg time: 0.0ms, med: 0.0ms, 90th: 0.0ms, 99th: 0.0ms, 99.9th: 0.0ms","level":"stat"}
